Product: MDK-ARM Standard 5.10
Component: ARM Compiler 5.04 update 1 (build 49)
Tool: armlink [5040049]

==============================================================================

Section Cross References

    startup_stm32f10x_hd.o(RESET) refers to startup_stm32f10x_hd.o(STACK) for __initial_sp
    startup_stm32f10x_hd.o(RESET) refers to startup_stm32f10x_hd.o(.text) for Reset_Handler
    startup_stm32f10x_hd.o(RESET) refers to stm32f10x_it.o(.text) for NMI_Handler
    startup_stm32f10x_hd.o(RESET) refers to uart5.o(.text) for TIM2_IRQHandler
    startup_stm32f10x_hd.o(RESET) refers to uart4.o(.text) for TIM3_IRQHandler
    startup_stm32f10x_hd.o(RESET) refers to judge.o(.text) for TIM4_IRQHandler
    startup_stm32f10x_hd.o(RESET) refers to usart.o(.text) for USART1_IRQHandler
    startup_stm32f10x_hd.o(RESET) refers to bsp_usart3.o(.text) for USART3_IRQHandler
    startup_stm32f10x_hd.o(RESET) refers to exti.o(.text) for EXTI15_10_IRQHandler
    startup_stm32f10x_hd.o(.text) refers to system_stm32f10x.o(.text) for SystemInit
    startup_stm32f10x_hd.o(.text) refers to entry.o(.ARM.Collect$$$$00000000) for __main
    system_stm32f10x.o(.text) refers to system_stm32f10x.o(.data) for SystemCoreClock
    stm32f10x_adc.o(.text) refers to stm32f10x_rcc.o(.text) for RCC_APB2PeriphResetCmd
    stm32f10x_bkp.o(.text) refers to stm32f10x_rcc.o(.text) for RCC_BackupResetCmd
    stm32f10x_can.o(.text) refers to stm32f10x_rcc.o(.text) for RCC_APB1PeriphResetCmd
    stm32f10x_cec.o(.text) refers to stm32f10x_rcc.o(.text) for RCC_APB1PeriphResetCmd
    stm32f10x_dac.o(.text) refers to stm32f10x_rcc.o(.text) for RCC_APB1PeriphResetCmd
    stm32f10x_gpio.o(.text) refers to stm32f10x_rcc.o(.text) for RCC_APB2PeriphResetCmd
    stm32f10x_i2c.o(.text) refers to stm32f10x_rcc.o(.text) for RCC_APB1PeriphResetCmd
    stm32f10x_pwr.o(.text) refers to stm32f10x_rcc.o(.text) for RCC_APB1PeriphResetCmd
    stm32f10x_rcc.o(.text) refers to stm32f10x_rcc.o(.data) for APBAHBPrescTable
    stm32f10x_spi.o(.text) refers to stm32f10x_rcc.o(.text) for RCC_APB2PeriphResetCmd
    stm32f10x_tim.o(.text) refers to stm32f10x_rcc.o(.text) for RCC_APB2PeriphResetCmd
    stm32f10x_usart.o(.text) refers to stm32f10x_rcc.o(.text) for RCC_APB2PeriphResetCmd
    stm32f10x_wwdg.o(.text) refers to stm32f10x_rcc.o(.text) for RCC_APB1PeriphResetCmd
    main.o(.text) refers to exti.o(.text) for RCC_Configuration
    main.o(.text) refers to delay.o(.text) for delay_init
    main.o(.text) refers to sys.o(.text) for NVIC_Configuration
    main.o(.text) refers to gpio.o(.text) for GPIO_Configuration
    main.o(.text) refers to stm32f10x_gpio.o(.text) for GPIO_SetBits
    main.o(.text) refers to system_stm32f10x.o(.text) for SystemInit
    main.o(.text) refers to usart.o(.text) for USART_Config
    main.o(.text) refers to bsp_usart3.o(.text) for USART3_Config
    main.o(.text) refers to uart4.o(.text) for UART4_Init
    main.o(.text) refers to sdfs_app.o(.text) for sdfs_app_mnt
    main.o(.text) refers to printfa.o(i.__0printf) for __2printf
    main.o(.text) refers to malloc.o(.text) for my_mem_init
    main.o(.text) refers to ov2640.o(.text) for OV2640_Init
    main.o(.text) refers to judge.o(.text) for KEY_Init
    main.o(.text) refers to beep.o(.text) for BEEP_Init
    main.o(.text) refers to mpu-6050.o(.text) for mpu6050_init
    main.o(.text) refers to stm32f10x_dma.o(.text) for DMA_ClearFlag
    main.o(.text) refers to bluetooth.o(.text) for SendFromMPUtoBluetooth
    main.o(.text) refers to stm32f10x_tim.o(.text) for TIM_Cmd
    main.o(.text) refers to ffixui.o(.text) for __aeabi_f2uiz
    main.o(.text) refers to rand.o(.text) for srand
    main.o(.text) refers to sim900a.o(.text) for gprs_init
    main.o(.text) refers to printfa.o(i.__0sprintf) for __2sprintf
    main.o(.text) refers to gps.o(.text) for GPSMSG_Analysis
    main.o(.text) refers to ov2640.o(.data) for ov2640_framebuf
    main.o(.text) refers to mpu-6050.o(.bss) for MPU_Data
    main.o(.text) refers to judge.o(.data) for timecount
    main.o(.text) refers to uart4.o(.data) for UART4_RX_STA
    main.o(.text) refers to uart4.o(.bss) for UART4_RX_BUF
    main.o(.text) refers to main.o(.data) for gps
    main.o(.data) refers to main.o(.bss) for mse
    stm32f10x_it.o(.text) refers to stm32f10x_rtc.o(.text) for RTC_GetITStatus
    stm32f10x_it.o(.text) refers to stm32f10x_exti.o(.text) for EXTI_ClearITPendingBit
    stm32f10x_it.o(.text) refers to stm32f10x_pwr.o(.text) for PWR_GetFlagStatus
    stm32f10x_it.o(.text) refers to stm32f10x_usart.o(.text) for USART_GetITStatus
    stm32f10x_it.o(.text) refers to stm32f10x_it.o(.bss) for usart2_buff
    mpu-6050.o(.text) refers to stm32f10x_rcc.o(.text) for RCC_APB2PeriphClockCmd
    mpu-6050.o(.text) refers to stm32f10x_gpio.o(.text) for GPIO_Init
    mpu-6050.o(.text) refers to stm32f10x_usart.o(.text) for USART_Init
    mpu-6050.o(.text) refers to stm32f10x_dma.o(.text) for DMA_Init
[...]
    i.__ieee754_rem_pio2                     0x0800884c   Section        0  rred.o(i.__ieee754_rem_pio2)
    i.__kernel_cos                           0x08008bd4   Section        0  cos_i.o(i.__kernel_cos)
    i.__kernel_poly                          0x08008cd0   Section        0  poly.o(i.__kernel_poly)
    i.__kernel_sin                           0x08008d7c   Section        0  sin_i.o(i.__kernel_sin)
    i.__mathlib_dbl_underflow                0x08008e68   Section        0  dunder.o(i.__mathlib_dbl_underflow)
    i.__scatterload_copy                     0x08008e78   Section       14  handlers.o(i.__scatterload_copy)
    i.__scatterload_null                     0x08008e86   Section        2  handlers.o(i.__scatterload_null)
    i.__scatterload_zeroinit                 0x08008e88   Section       14  handlers.o(i.__scatterload_zeroinit)
    i.__set_errno                            0x08008e98   Section        0  errno.o(i.__set_errno)
    i._fp_digits                             0x08008ea4   Section        0  printfa.o(i._fp_digits)
    _fp_digits                               0x08008ea5   Thumb Code   334  printfa.o(i._fp_digits)
    i._printf_core                           0x08009008   Section        0  printfa.o(i._printf_core)
    _printf_core                             0x08009009   Thumb Code  1744  printfa.o(i._printf_core)
    i._printf_post_padding                   0x080096e4   Section        0  printfa.o(i._printf_post_padding)
    _printf_post_padding                     0x080096e5   Thumb Code    36  printfa.o(i._printf_post_padding)
    i._printf_pre_padding                    0x08009708   Section        0  printfa.o(i._printf_pre_padding)
    _printf_pre_padding                      0x08009709   Thumb Code    46  printfa.o(i._printf_pre_padding)
    i._sputc                                 0x08009736   Section        0  printfa.o(i._sputc)
    _sputc                                   0x08009737   Thumb Code    10  printfa.o(i._sputc)
    i.cos                                    0x08009740   Section        0  cos.o(i.cos)
    i.getc                                   0x080097ec   Section        0  getc.o(i.getc)
    i.sin                                    0x080097f0   Section        0  sin.o(i.sin)
    .constdata                               0x080098a0   Section      808  ov2640.o(.constdata)
    OV2640_AUTOEXPOSURE_LEVEL                0x08009ba0   Data          40  ov2640.o(.constdata)
    .constdata                               0x08009bc8   Section       24  malloc.o(.constdata)
    .constdata                               0x08009be0   Section       48  cos_i.o(.constdata)
    C                                        0x08009be0   Data          48  cos_i.o(.constdata)
    .constdata                               0x08009c10   Section      200  rred.o(.constdata)
    pio2s                                    0x08009c10   Data          48  rred.o(.constdata)
    twooverpi                                0x08009c40   Data         152  rred.o(.constdata)
    .constdata                               0x08009cd8   Section       40  sin_i.o(.constdata)
    S                                        0x08009cd8   Data          40  sin_i.o(.constdata)
    .conststring                             0x08009d00   Section      161  gps.o(.conststring)
    .data                                    0x20000000   Section       20  system_stm32f10x.o(.data)
    .data                                    0x20000014   Section       20  stm32f10x_rcc.o(.data)
    APBAHBPrescTable                         0x20000014   Data          16  stm32f10x_rcc.o(.data)
    ADCPrescTable                            0x20000024   Data           4  stm32f10x_rcc.o(.data)
    .data                                    0x20000028   Section        4  main.o(.data)
    .data                                    0x2000002c   Section       10  bluetooth.o(.data)
    num                                      0x2000002c   Data          10  bluetooth.o(.data)
    .data                                    0x20000038   Section        4  sdfs_app.o(.data)
    .data                                    0x2000003c   Section        4  ov2640.o(.data)
    .data                                    0x20000040   Section        2  uart4.o(.data)
    .data                                    0x20000042   Section        3  judge.o(.data)
    key_up                                   0x20000044   Data           1  judge.o(.data)
    .data                                    0x20000045   Section        1  sd.o(.data)
    .data                                    0x20000048   Section        6  usart.o(.data)
    .data                                    0x20000050   Section       28  malloc.o(.data)
    .data                                    0x2000006c   Section        2  uart5.o(.data)
    .data                                    0x20000070   Section        6  ff.o(.data)
    FatFs                                    0x20000070   Data           4  ff.o(.data)
    Fsid                                     0x20000074   Data           2  ff.o(.data)
    .data                                    0x20000076   Section        4  delay.o(.data)
    fac_us                                   0x20000076   Data           1  delay.o(.data)
    fac_ms                                   0x20000078   Data           2  delay.o(.data)
    .data                                    0x2000007a   Section        1  bsp_usart3.o(.data)
    .data                                    0x2000007c   Section        4  stdin.o(.data)
    .data                                    0x20000080   Section        4  rand.o(.data)
    _rand_state                              0x20000080   Data           4  rand.o(.data)
    .data                                    0x20000084   Section        4  errno.o(.data)
    _errno                                   0x20000084   Data           4  errno.o(.data)
    .bss                                     0x20000088   Section      105  main.o(.bss)
    .bss                                     0x200000f1   Section       20  stm32f10x_it.o(.bss)
    .bss                                     0x20000108   Section       72  mpu-6050.o(.bss)
    .bss                                     0x20000150   Section       12  bluetooth.o(.bss)
    .bss                                     0x2000015c   Section      560  sdfs_app.o(.bss)
    .bss                                     0x2000038c   Section      300  uart4.o(.bss)
    .bss                                     0x200004b8   Section      512  sd.o(.bss)
    .bss                                     0x200006b8   Section      200  usart.o(.bss)
    .bss                                     0x20000780   Section    62016  malloc.o(.bss)
    .bss                                     0x2000f9c0   Section      100  uart5.o(.bss)
    .bss                                     0x2000fa24   Section      400  bsp_usart3.o(.bss)
    STACK                                    0x2000fbb8   Section     1024  startup_stm32f10x_hd.o(STACK)
    .ARM.__AT_0x68000000                     0x68000000   Section       32  malloc.o(.ARM.__AT_0x68000000)
    .ARM.__AT_0x68000020                     0x68000020   Section        2  malloc.o(.ARM.__AT_0x68000020)

    Global Symbols

    Symbol Name                              Value     Ov Type        Size  Object(Section)

    BuildAttributes$$THM_ISAv4$P$D$K$B$S$PE$A:L22UL41UL21$X:L11$S22US41US21$IEEE1$IW$USESV6$~STKCKD$USESV7$~SHL$OTIME$ROPI$IEEEX$EBA8$MICROLIB$REQ8$PRES8$EABIv2 0x00000000   Number         0  anon$$obj.o ABSOLUTE
    __ARM_use_no_argv                        0x00000000   Number         0  main.o ABSOLUTE
    _printf_a                                0x00000000   Number         0  stubs.o ABSOLUTE
    _printf_c                                0x00000000   Number         0  stubs.o ABSOLUTE
    _printf_charcount                        0x00000000   Number         0  stubs.o ABSOLUTE
    _printf_d                                0x00000000   Number         0  stubs.o ABSOLUTE
    _printf_e                                0x00000000   Number         0  stubs.o ABSOLUTE
    _printf_f                                0x00000000   Number         0  stubs.o ABSOLUTE
    _printf_flags                            0x00000000   Number         0  stubs.o ABSOLUTE
    _printf_fp_dec                           0x00000000   Number         0  stubs.o ABSOLUTE
    _printf_fp_hex                           0x00000000   Number         0  stubs.o ABSOLUTE
    _printf_g                                0x00000000   Number         0  stubs.o ABSOLUTE
    _printf_i                                0x00000000   Number         0  stubs.o ABSOLUTE
    _printf_int_dec                          0x00000000   Number         0  stubs.o ABSOLUTE
    _printf_l                                0x00000000   Number         0  stubs.o ABSOLUTE
    _printf_lc                               0x00000000   Number         0  stubs.o ABSOLUTE
    _printf_ll                               0x00000000   Number         0  stubs.o ABSOLUTE
    _printf_lld                              0x00000000   Number         0  stubs.o ABSOLUTE
    _printf_lli                              0x00000000   Number         0  stubs.o ABSOLUTE
    _printf_llo                              0x00000000   Number         0  stubs.o ABSOLUTE
    _printf_llu                              0x00000000   Number         0  stubs.o ABSOLUTE
    _printf_llx                              0x00000000   Number         0  stubs.o ABSOLUTE
    _printf_longlong_dec                     0x00000000   Number         0  stubs.o ABSOLUTE
    _printf_longlong_hex                     0x00000000   Number         0  stubs.o ABSOLUTE
    _printf_longlong_oct                     0x00000000   Number         0  stubs.o ABSOLUTE
    _printf_ls                               0x00000000   Number         0  stubs.o ABSOLUTE
    _printf_mbtowc                           0x00000000   Number         0  stubs.o ABSOLUTE
    _printf_n                                0x00000000   Number         0  stubs.o ABSOLUTE
    _printf_o                                0x00000000   Number         0  stubs.o ABSOLUTE
    _printf_p                                0x00000000   Number         0  stubs.o ABSOLUTE
    _printf_percent                          0x00000000   Number         0  stubs.o ABSOLUTE
    _printf_pre_padding                      0x00000000   Number         0  stubs.o ABSOLUTE
    _printf_return_value                     0x00000000   Number         0  stubs.o ABSOLUTE
    _printf_s                                0x00000000   Number         0  stubs.o ABSOLUTE
    _printf_sizespec                         0x00000000   Number         0  stubs.o ABSOLUTE
    _printf_str                              0x00000000   Number         0  stubs.o ABSOLUTE
    _printf_truncate_signed                  0x00000000   Number         0  stubs.o ABSOLUTE
    _printf_truncate_unsigned                0x00000000   Number         0  stubs.o ABSOLUTE
    _printf_u                                0x00000000   Number         0  stubs.o ABSOLUTE
    _printf_wc                               0x00000000   Number         0  stubs.o ABSOLUTE
    _printf_wctomb                           0x00000000   Number         0  stubs.o ABSOLUTE
    _printf_widthprec                        0x00000000   Number         0  stubs.o ABSOLUTE
    _printf_x                                0x00000000   Number         0  stubs.o ABSOLUTE
    __cpp_initialize__aeabi_                  - Undefined Weak Reference
    __cxa_finalize                            - Undefined Weak Reference
    __decompress                              - Undefined Weak Reference
    _clock_init                               - Undefined Weak Reference
    _microlib_exit                            - Undefined Weak Reference
    __Vectors_Size                           0x00000130   Number         0  startup_stm32f10x_hd.o ABSOLUTE
    __Vectors                                0x08000000   Data           4  startup_stm32f10x_hd.o(RESET)
    __Vectors_End                            0x08000130   Data           0  startup_stm32f10x_hd.o(RESET)
    __main                                   0x08000131   Thumb Code     0  entry.o(.ARM.Collect$$$$00000000)
    _main_stk                                0x08000131   Thumb Code     0  entry2.o(.ARM.Collect$$$$00000001)
    _main_scatterload                        0x08000135   Thumb Code     0  entry5.o(.ARM.Collect$$$$00000004)
    __main_after_scatterload                 0x08000139   Thumb Code     0  entry5.o(.ARM.Collect$$$$00000004)
    _main_clock                              0x08000139   Thumb Code     0  entry7b.o(.ARM.Collect$$$$00000008)
    _main_cpp_init                           0x08000139   Thumb Code     0  entry8b.o(.ARM.Collect$$$$0000000A)
    _main_init                               0x08000139   Thumb Code     0  entry9a.o(.ARM.Collect$$$$0000000B)
    __rt_final_cpp                           0x08000141   Thumb Code     0  entry10a.o(.ARM.Collect$$$$0000000D)
    __rt_final_exit                          0x08000141   Thumb Code     0  entry11a.o(.ARM.Collect$$$$0000000F)
    Reset_Handler                            0x08000145   Thumb Code     8  startup_stm32f10x_hd.o(.text)
    SysTick_Handler                          0x0800015d   Thumb Code     2  startup_stm32f10x_hd.o(.text)
    ADC1_2_IRQHandler                        0x0800015f   Thumb Code     0  startup_stm32f10x_hd.o(.text)
    ADC3_IRQHandler                          0x0800015f   Thumb Code     0  startup_stm32f10x_hd.o(.text)
    CAN1_RX1_IRQHandler                      0x0800015f   Thumb Code     0  startup_stm32f10x_hd.o(.text)
    CAN1_SCE_IRQHandler                      0x0800015f   Thumb Code     0  startup_stm32f10x_hd.o(.text)
    DMA1_Channel1_IRQHandler                 0x0800015f   Thumb Code     0  startup_stm32f10x_hd.o(.text)
    DMA1_Channel2_IRQHandler                 0x0800015f   Thumb Code     0  startup_stm32f10x_hd.o(.text)
    DMA1_Channel3_IRQHandler                 0x0800015f   Thumb Code     0  startup_stm32f10x_hd.o(.text)
    DMA1_Channel4_IRQHandler                 0x0800015f   Thumb Code     0  startup_stm32f10x_hd.o(.text)
    DMA1_Channel5_IRQHandler                 0x0800015f   Thumb Code     0  startup_stm32f10x_hd.o(.text)
    DMA1_Channel6_IRQHandler                 0x0800015f   Thumb Code     0  startup_stm32f10x_hd.o(.text)
    DMA1_Channel7_IRQHandler                 0x0800015f   Thumb Code     0  startup_stm32f10x_hd.o(.text)
    DMA2_Channel1_IRQHandler                 0x0800015f   Thumb Code     0  startup_stm32f10x_hd.o(.text)
    DMA2_Channel2_IRQHandler                 0x0800015f   Thumb Code     0  startup_stm32f10x_hd.o(.text)
    DMA2_Channel3_IRQHandler                 0x0800015f   Thumb Code     0  startup_stm32f10x_hd.o(.text)
    DMA2_Channel4_5_IRQHandler               0x0800015f   Thumb Code     0  startup_stm32f10x_hd.o(.text)
    EXTI0_IRQHandler                         0x0800015f   Thumb Code     0  startup_stm32f10x_hd.o(.text)
    EXTI1_IRQHandler                         0x0800015f   Thumb Code     0  startup_stm32f10x_hd.o(.text)
    EXTI2_IRQHandler                         0x0800015f   Thumb Code     0  startup_stm32f10x_hd.o(.text)
    EXTI3_IRQHandler                         0x0800015f   Thumb Code     0  startup_stm32f10x_hd.o(.text)
    EXTI4_IRQHandler                         0x0800015f   Thumb Code     0  startup_stm32f10x_hd.o(.text)
    EXTI9_5_IRQHandler                       0x0800015f   Thumb Code     0  startup_stm32f10x_hd.o(.text)
    FLASH_IRQHandler                         0x0800015f   Thumb Code     0  startup_stm32f10x_hd.o(.text)
    FSMC_IRQHandler                          0x0800015f   Thumb Code     0  startup_stm32f10x_hd.o(.text)
    I2C1_ER_IRQHandler                       0x0800015f   Thumb Code     0  startup_stm32f10x_hd.o(.text)
    I2C1_EV_IRQHandler                       0x0800015f   Thumb Code     0  startup_stm32f10x_hd.o(.text)
    I2C2_ER_IRQHandler                       0x0800015f   Thumb Code     0  startup_stm32f10x_hd.o(.text)
    I2C2_EV_IRQHandler                       0x0800015f   Thumb Code     0  startup_stm32f10x_hd.o(.text)
    PVD_IRQHandler                           0x0800015f   Thumb Code     0  startup_stm32f10x_hd.o(.text)
    RCC_IRQHandler                           0x0800015f   Thumb Code     0  startup_stm32f10x_hd.o(.text)
    RTC_IRQHandler                           0x0800015f   Thumb Code     0  startup_stm32f10x_hd.o(.text)
    SDIO_IRQHandler                          0x0800015f   Thumb Code     0  startup_stm32f10x_hd.o(.text)
    SPI1_IRQHandler                          0x0800015f   Thumb Code     0  startup_stm32f10x_hd.o(.text)
    SPI2_IRQHandler                          0x0800015f   Thumb Code     0  startup_stm32f10x_hd.o(.text)
    SPI3_IRQHandler                          0x0800015f   Thumb Code     0  startup_stm32f10x_hd.o(.text)
    TAMPER_IRQHandler                        0x0800015f   Thumb Code     0  startup_stm32f10x_hd.o(.text)
    TIM1_BRK_IRQHandler                      0x0800015f   Thumb Code     0  startup_stm32f10x_hd.o(.text)
    TIM1_CC_IRQHandler                       0x0800015f   Thumb Code     0  startup_stm32f10x_hd.o(.text)
    TIM1_TRG_COM_IRQHandler                  0x0800015f   Thumb Code     0  startup_stm32f10x_hd.o(.text)
    TIM1_UP_IRQHandler                       0x0800015f   Thumb Code     0  startup_stm32f10x_hd.o(.text)
    TIM5_IRQHandler                          0x0800015f   Thumb Code     0  startup_stm32f10x_hd.o(.text)
    TIM6_IRQHandler                          0x0800015f   Thumb Code     0  startup_stm32f10x_hd.o(.text)
    TIM7_IRQHandler                          0x0800015f   Thumb Code     0  startup_stm32f10x_hd.o(.text)
    TIM8_BRK_IRQHandler                      0x0800015f   Thumb Code     0  startup_stm32f10x_hd.o(.text)
    TIM8_CC_IRQHandler                       0x0800015f   Thumb Code     0  startup_stm32f10x_hd.o(.text)
    TIM8_TRG_COM_IRQHandler                  0x0800015f   Thumb Code     0  startup_stm32f10x_hd.o(.text)
    TIM8_UP_IRQHandler                       0x0800015f   Thumb Code     0  startup_stm32f10x_hd.o(.text)
    USBWakeUp_IRQHandler                     0x0800015f   Thumb Code     0  startup_stm32f10x_hd.o(.text)
    USB_HP_CAN1_TX_IRQHandler                0x0800015f   Thumb Code     0  startup_stm32f10x_hd.o(.text)
    USB_LP_CAN1_RX0_IRQHandler               0x0800015f   Thumb Code     0  startup_stm32f10x_hd.o(.text)
    WWDG_IRQHandler                          0x0800015f   Thumb Code     0  startup_stm32f10x_hd.o(.text)
    SystemInit                               0x08000247   Thumb Code    78  system_stm32f10x.o(.text)
    SystemCoreClockUpdate                    0x08000295   Thumb Code   142  system_stm32f10x.o(.text)
    NVIC_PriorityGroupConfig                 0x08000349   Thumb Code    10  misc.o(.text)
    NVIC_Init                                0x08000353   Thumb Code   100  misc.o(.text)
    NVIC_SetVectorTable                      0x080003b7   Thumb Code    14  misc.o(.text)
    NVIC_SystemLPConfig                      0x080003c5   Thumb Code    34  misc.o(.text)
    SysTick_CLKSourceConfig                  0x080003e7   Thumb Code    40  misc.o(.text)
    BKP_DeInit                               0x08000425   Thumb Code    16  stm32f10x_bkp.o(.text)
    BKP_TamperPinLevelConfig                 0x08000435   Thumb Code     6  stm32f10x_bkp.o(.text)
    BKP_TamperPinCmd                         0x0800043b   Thumb Code     8  stm32f10x_bkp.o(.text)
    BKP_ITConfig                             0x08000443   Thumb Code     8  stm32f10x_bkp.o(.text)
    BKP_RTCOutputConfig                      0x0800044b   Thumb Code    22  stm32f10x_bkp.o(.text)
    BKP_SetRTCCalibrationValue               0x08000461   Thumb Code    22  stm32f10x_bkp.o(.text)
    BKP_WriteBackupRegister                  0x08000477   Thumb Code    24  stm32f10x_bkp.o(.text)
    BKP_ReadBackupRegister                   0x0800048f   Thumb Code    26  stm32f10x_bkp.o(.text)
    BKP_GetFlagStatus                        0x080004a9   Thumb Code    10  stm32f10x_bkp.o(.text)
    BKP_ClearFlag                            0x080004b3   Thumb Code    18  stm32f10x_bkp.o(.text)
    BKP_GetITStatus                          0x080004c5   Thumb Code    10  stm32f10x_bkp.o(.text)
    BKP_ClearITPendingBit                    0x080004cf   Thumb Code    18  stm32f10x_bkp.o(.text)
    DMA_DeInit                               0x080004e9   Thumb Code   324  stm32f10x_dma.o(.text)
    DMA_Init                                 0x0800062d   Thumb Code    60  stm32f10x_dma.o(.text)
    DMA_StructInit                           0x08000669   Thumb Code    26  stm32f10x_dma.o(.text)
    DMA_Cmd                                  0x08000683   Thumb Code    24  stm32f10x_dma.o(.text)
    DMA_ITConfig                             0x0800069b   Thumb Code    18  stm32f10x_dma.o(.text)
    DMA_SetCurrDataCounter                   0x080006ad   Thumb Code     4  stm32f10x_dma.o(.text)
    DMA_GetCurrDataCounter                   0x080006b1   Thumb Code     8  stm32f10x_dma.o(.text)
    DMA_GetFlagStatus                        0x080006b9   Thumb Code    40  stm32f10x_dma.o(.text)
    DMA_ClearFlag                            0x080006e1   Thumb Code    22  stm32f10x_dma.o(.text)
    DMA_GetITStatus                          0x080006f7   Thumb Code    40  stm32f10x_dma.o(.text)
    DMA_ClearITPendingBit                    0x0800071f   Thumb Code    22  stm32f10x_dma.o(.text)
    EXTI_DeInit                              0x0800073d   Thumb Code    28  stm32f10x_exti.o(.text)
    EXTI_Init                                0x08000759   Thumb Code   142  stm32f10x_exti.o(.text)
    EXTI_StructInit                          0x080007e7   Thumb Code    16  stm32f10x_exti.o(.text)
    EXTI_GenerateSWInterrupt                 0x080007f7   Thumb Code    16  stm32f10x_exti.o(.text)
    EXTI_GetFlagStatus                       0x08000807   Thumb Code    22  stm32f10x_exti.o(.text)
    EXTI_ClearFlag                           0x0800081d   Thumb Code     8  stm32f10x_exti.o(.text)
    EXTI_GetITStatus                         0x08000825   Thumb Code    34  stm32f10x_exti.o(.text)
    EXTI_ClearITPendingBit                   0x08000847   Thumb Code     8  stm32f10x_exti.o(.text)
    GPIO_DeInit                              0x08000859   Thumb Code   172  stm32f10x_gpio.o(.text)
    GPIO_AFIODeInit                          0x08000905   Thumb Code    20  stm32f10x_gpio.o(.text)
    GPIO_Init                                0x08000919   Thumb Code   278  stm32f10x_gpio.o(.text)
    GPIO_StructInit                          0x08000a2f   Thumb Code    16  stm32f10x_gpio.o(.text)
    GPIO_ReadInputDataBit                    0x08000a3f   Thumb Code    18  stm32f10x_gpio.o(.text)
    GPIO_ReadInputData                       0x08000a51   Thumb Code     8  stm32f10x_gpio.o(.text)
    GPIO_ReadOutputDataBit                   0x08000a59   Thumb Code    18  stm32f10x_gpio.o(.text)
    GPIO_ReadOutputData                      0x08000a6b   Thumb Code     8  stm32f10x_gpio.o(.text)
    GPIO_SetBits                             0x08000a73   Thumb Code     4  stm32f10x_gpio.o(.text)
    GPIO_ResetBits                           0x08000a77   Thumb Code     4  stm32f10x_gpio.o(.text)
    GPIO_WriteBit                            0x08000a7b   Thumb Code    10  stm32f10x_gpio.o(.text)
    GPIO_Write                               0x08000a85   Thumb Code     4  stm32f10x_gpio.o(.text)
    GPIO_PinLockConfig                       0x08000a89   Thumb Code    18  stm32f10x_gpio.o(.text)
    GPIO_EventOutputConfig                   0x08000a9b   Thumb Code    26  stm32f10x_gpio.o(.text)
    GPIO_EventOutputCmd                      0x08000ab5   Thumb Code     6  stm32f10x_gpio.o(.text)
    GPIO_PinRemapConfig                      0x08000abb   Thumb Code   138  stm32f10x_gpio.o(.text)
    GPIO_EXTILineConfig                      0x08000b45   Thumb Code    66  stm32f10x_gpio.o(.text)
    GPIO_ETH_MediaInterfaceConfig            0x08000b87   Thumb Code     8  stm32f10x_gpio.o(.text)
    PWR_DeInit                               0x08000bb5   Thumb Code    22  stm32f10x_pwr.o(.text)
    PWR_BackupAccessCmd                      0x08000bcb   Thumb Code     6  stm32f10x_pwr.o(.text)
    PWR_PVDCmd                               0x08000bd1   Thumb Code     6  stm32f10x_pwr.o(.text)
    PWR_PVDLevelConfig                       0x08000bd7   Thumb Code    18  stm32f10x_pwr.o(.text)
    PWR_WakeUpPinCmd                         0x08000be9   Thumb Code     8  stm32f10x_pwr.o(.text)
    PWR_EnterSTOPMode                        0x08000bf1   Thumb Code    54  stm32f10x_pwr.o(.text)
    PWR_EnterSTANDBYMode                     0x08000c27   Thumb Code    42  stm32f10x_pwr.o(.text)
    PWR_GetFlagStatus                        0x08000c51   Thumb Code    20  stm32f10x_pwr.o(.text)
    PWR_ClearFlag                            0x08000c65   Thumb Code    14  stm32f10x_pwr.o(.text)
    RCC_DeInit                               0x08000c81   Thumb Code    64  stm32f10x_rcc.o(.text)
    RCC_HSEConfig                            0x08000cc1   Thumb Code    70  stm32f10x_rcc.o(.text)
    RCC_GetFlagStatus                        0x08000d07   Thumb Code    56  stm32f10x_rcc.o(.text)
    RCC_WaitForHSEStartUp                    0x08000d3f   Thumb Code    56  stm32f10x_rcc.o(.text)
    RCC_AdjustHSICalibrationValue            0x08000d77   Thumb Code    20  stm32f10x_rcc.o(.text)
    RCC_HSICmd                               0x08000d8b   Thumb Code     6  stm32f10x_rcc.o(.text)
    RCC_PLLConfig                            0x08000d91   Thumb Code    24  stm32f10x_rcc.o(.text)
    RCC_PLLCmd                               0x08000da9   Thumb Code     6  stm32f10x_rcc.o(.text)
    RCC_SYSCLKConfig                         0x08000daf   Thumb Code    18  stm32f10x_rcc.o(.text)
    RCC_GetSYSCLKSource                      0x08000dc1   Thumb Code    10  stm32f10x_rcc.o(.text)
    RCC_HCLKConfig                           0x08000dcb   Thumb Code    18  stm32f10x_rcc.o(.text)
    RCC_PCLK1Config                          0x08000ddd   Thumb Code    18  stm32f10x_rcc.o(.text)
    RCC_PCLK2Config                          0x08000def   Thumb Code    20  stm32f10x_rcc.o(.text)
    RCC_ITConfig                             0x08000e03   Thumb Code    26  stm32f10x_rcc.o(.text)
    RCC_USBCLKConfig                         0x08000e1d   Thumb Code     8  stm32f10x_rcc.o(.text)
    RCC_ADCCLKConfig                         0x08000e25   Thumb Code    18  stm32f10x_rcc.o(.text)
    RCC_LSEConfig                            0x08000e37   Thumb Code    50  stm32f10x_rcc.o(.text)
    RCC_LSICmd                               0x08000e69   Thumb Code     6  stm32f10x_rcc.o(.text)
    RCC_RTCCLKConfig                         0x08000e6f   Thumb Code    12  stm32f10x_rcc.o(.text)
    RCC_RTCCLKCmd                            0x08000e7b   Thumb Code     8  stm32f10x_rcc.o(.text)
    RCC_GetClocksFreq                        0x08000e83   Thumb Code   192  stm32f10x_rcc.o(.text)
    RCC_AHBPeriphClockCmd                    0x08000f43   Thumb Code    26  stm32f10x_rcc.o(.text)
    RCC_APB2PeriphClockCmd                   0x08000f5d   Thumb Code    26  stm32f10x_rcc.o(.text)
    RCC_APB1PeriphClockCmd                   0x08000f77   Thumb Code    26  stm32f10x_rcc.o(.text)
    RCC_APB2PeriphResetCmd                   0x08000f91   Thumb Code    26  stm32f10x_rcc.o(.text)
    RCC_APB1PeriphResetCmd                   0x08000fab   Thumb Code    26  stm32f10x_rcc.o(.text)
    RCC_BackupResetCmd                       0x08000fc5   Thumb Code     8  stm32f10x_rcc.o(.text)
    RCC_ClockSecuritySystemCmd               0x08000fcd   Thumb Code     6  stm32f10x_rcc.o(.text)
    RCC_MCOConfig                            0x08000fd3   Thumb Code     6  stm32f10x_rcc.o(.text)
    RCC_ClearFlag                            0x08000fd9   Thumb Code    14  stm32f10x_rcc.o(.text)
    RCC_GetITStatus                          0x08000fe7   Thumb Code    20  stm32f10x_rcc.o(.text)
    RCC_ClearITPendingBit                    0x08000ffb   Thumb Code     6  stm32f10x_rcc.o(.text)
    RTC_ITConfig                             0x08001025   Thumb Code    26  stm32f10x_rtc.o(.text)
    RTC_EnterConfigMode                      0x0800103f   Thumb Code    18  stm32f10x_rtc.o(.text)
    RTC_ExitConfigMode                       0x08001051   Thumb Code    20  stm32f10x_rtc.o(.text)
    RTC_GetCounter                           0x08001065   Thumb Code    18  stm32f10x_rtc.o(.text)
    RTC_SetCounter                           0x08001077   Thumb Code    26  stm32f10x_rtc.o(.text)
    RTC_SetPrescaler                         0x08001091   Thumb Code    28  stm32f10x_rtc.o(.text)
    RTC_SetAlarm                             0x080010ad   Thumb Code    26  stm32f10x_rtc.o(.text)
    RTC_GetDivider                           0x080010c7   Thumb Code    22  stm32f10x_rtc.o(.text)
    RTC_WaitForLastTask                      0x080010dd   Thumb Code    18  stm32f10x_rtc.o(.text)
    RTC_WaitForSynchro                       0x080010ef   Thumb Code    36  stm32f10x_rtc.o(.text)
    RTC_GetFlagStatus                        0x08001113   Thumb Code    22  stm32f10x_rtc.o(.text)
    RTC_ClearFlag                            0x08001129   Thumb Code    16  stm32f10x_rtc.o(.text)
    RTC_GetITStatus                          0x08001139   Thumb Code    32  stm32f10x_rtc.o(.text)
    RTC_ClearITPendingBit                    0x08001159   Thumb Code    16  stm32f10x_rtc.o(.text)
    SPI_I2S_DeInit                           0x0800116d   Thumb Code    76  stm32f10x_spi.o(.text)
    SPI_Init                                 0x080011b9   Thumb Code    60  stm32f10x_spi.o(.text)
    I2S_Init                                 0x080011f5   Thumb Code   226  stm32f10x_spi.o(.text)
    SPI_StructInit                           0x080012d7   Thumb Code    24  stm32f10x_spi.o(.text)
    I2S_StructInit                           0x080012ef   Thumb Code    20  stm32f10x_spi.o(.text)
    SPI_Cmd                                  0x08001303   Thumb Code    24  stm32f10x_spi.o(.text)
    I2S_Cmd                                  0x0800131b   Thumb Code    24  stm32f10x_spi.o(.text)
    SPI_I2S_ITConfig                         0x08001333   Thumb Code    32  stm32f10x_spi.o(.text)
    SPI_I2S_DMACmd                           0x08001353   Thumb Code    18  stm32f10x_spi.o(.text)
    SPI_I2S_SendData                         0x08001365   Thumb Code     4  stm32f10x_spi.o(.text)
    SPI_I2S_ReceiveData                      0x08001369   Thumb Code     6  stm32f10x_spi.o(.text)
    SPI_NSSInternalSoftwareConfig            0x0800136f   Thumb Code    30  stm32f10x_spi.o(.text)
    SPI_SSOutputCmd                          0x0800138d   Thumb Code    24  stm32f10x_spi.o(.text)
    SPI_DataSizeConfig                       0x080013a5   Thumb Code    18  stm32f10x_spi.o(.text)
    SPI_TransmitCRC                          0x080013b7   Thumb Code    10  stm32f10x_spi.o(.text)
    SPI_CalculateCRC                         0x080013c1   Thumb Code    24  stm32f10x_spi.o(.text)
    SPI_GetCRC                               0x080013d9   Thumb Code    16  stm32f10x_spi.o(.text)
    SPI_GetCRCPolynomial                     0x080013e9   Thumb Code     6  stm32f10x_spi.o(.text)
    SPI_BiDirectionalLineConfig              0x080013ef   Thumb Code    28  stm32f10x_spi.o(.text)
    SPI_I2S_GetFlagStatus                    0x0800140b   Thumb Code    18  stm32f10x_spi.o(.text)
    SPI_I2S_ClearFlag                        0x0800141d   Thumb Code     6  stm32f10x_spi.o(.text)
    SPI_I2S_GetITStatus                      0x08001423   Thumb Code    52  stm32f10x_spi.o(.text)
    SPI_I2S_ClearITPendingBit                0x08001457   Thumb Code    20  stm32f10x_spi.o(.text)
    TIM_DeInit                               0x08001479   Thumb Code   424  stm32f10x_tim.o(.text)
    TIM_TimeBaseInit                         0x08001621   Thumb Code   122  stm32f10x_tim.o(.text)
    TIM_OC1Init                              0x0800169b   Thumb Code   132  stm32f10x_tim.o(.text)
    TIM_OC2Init                              0x0800171f   Thumb Code   154  stm32f10x_tim.o(.text)
    TIM_OC3Init                              0x080017b9   Thumb Code   150  stm32f10x_tim.o(.text)
    TIM_OC4Init                              0x0800184f   Thumb Code   182  stm32f10x_tim.o(.text)
    TIM_SetIC4Prescaler                      0x08001905   Thumb Code    26  stm32f10x_tim.o(.text)
    TIM_SetIC3Prescaler                      0x080019a1   Thumb Code    18  stm32f10x_tim.o(.text)
    TIM_SetIC2Prescaler                      0x08001a2d   Thumb Code    26  stm32f10x_tim.o(.text)
    TIM_SetIC1Prescaler                      0x08001ac9   Thumb Code    18  stm32f10x_tim.o(.text)
    TIM_ICInit                               0x08001b47   Thumb Code   150  stm32f10x_tim.o(.text)
    TIM_PWMIConfig                           0x08001bdd   Thumb Code   124  stm32f10x_tim.o(.text)
    TIM_BDTRConfig                           0x08001c59   Thumb Code    32  stm32f10x_tim.o(.text)
    TIM_TimeBaseStructInit                   0x08001c79   Thumb Code    18  stm32f10x_tim.o(.text)
    TIM_OCStructInit                         0x08001c8b   Thumb Code    20  stm32f10x_tim.o(.text)
    TIM_ICStructInit                         0x08001c9f   Thumb Code    18  stm32f10x_tim.o(.text)
    TIM_BDTRStructInit                       0x08001cb1   Thumb Code    40  stm32f10x_tim.o(.text)
    TIM_Cmd                                  0x08001cd9   Thumb Code    24  stm32f10x_tim.o(.text)
    TIM_CtrlPWMOutputs                       0x08001cf1   Thumb Code    30  stm32f10x_tim.o(.text)
    TIM_ITConfig                             0x08001d0f   Thumb Code    18  stm32f10x_tim.o(.text)
    TIM_GenerateEvent                        0x08001d21   Thumb Code     4  stm32f10x_tim.o(.text)
    TIM_DMAConfig                            0x08001d25   Thumb Code    10  stm32f10x_tim.o(.text)
    TIM_DMACmd                               0x08001d2f   Thumb Code    18  stm32f10x_tim.o(.text)
    TIM_InternalClockConfig                  0x08001d41   Thumb Code    12  stm32f10x_tim.o(.text)
    TIM_SelectInputTrigger                   0x08001d4d   Thumb Code    18  stm32f10x_tim.o(.text)
    TIM_ITRxExternalClockConfig              0x08001d5f   Thumb Code    24  stm32f10x_tim.o(.text)
    TIM_TIxExternalClockConfig               0x08001d77   Thumb Code    62  stm32f10x_tim.o(.text)
    TIM_ETRConfig                            0x08001db5   Thumb Code    28  stm32f10x_tim.o(.text)
    TIM_ETRClockMode1Config                  0x08001dd1   Thumb Code    54  stm32f10x_tim.o(.text)
    TIM_ETRClockMode2Config                  0x08001e07   Thumb Code    32  stm32f10x_tim.o(.text)
    TIM_PrescalerConfig                      0x08001e27   Thumb Code     6  stm32f10x_tim.o(.text)
    TIM_CounterModeConfig                    0x08001e2d   Thumb Code    18  stm32f10x_tim.o(.text)
    TIM_EncoderInterfaceConfig               0x08001e3f   Thumb Code    66  stm32f10x_tim.o(.text)
    TIM_ForcedOC1Config                      0x08001e81   Thumb Code    18  stm32f10x_tim.o(.text)
    TIM_ForcedOC2Config                      0x08001e93   Thumb Code    26  stm32f10x_tim.o(.text)
    TIM_ForcedOC3Config                      0x08001ead   Thumb Code    18  stm32f10x_tim.o(.text)
    TIM_ForcedOC4Config                      0x08001ebf   Thumb Code    26  stm32f10x_tim.o(.text)
    TIM_ARRPreloadConfig                     0x08001ed9   Thumb Code    24  stm32f10x_tim.o(.text)
    TIM_SelectCOM                            0x08001ef1   Thumb Code    24  stm32f10x_tim.o(.text)
    TIM_SelectCCDMA                          0x08001f09   Thumb Code    24  stm32f10x_tim.o(.text)
    TIM_CCPreloadControl                     0x08001f21   Thumb Code    24  stm32f10x_tim.o(.text)
    TIM_OC1PreloadConfig                     0x08001f39   Thumb Code    18  stm32f10x_tim.o(.text)
    TIM_OC2PreloadConfig                     0x08001f4b   Thumb Code    26  stm32f10x_tim.o(.text)
    TIM_OC3PreloadConfig                     0x08001f65   Thumb Code    18  stm32f10x_tim.o(.text)
    TIM_OC4PreloadConfig                     0x08001f77   Thumb Code    26  stm32f10x_tim.o(.text)
    TIM_OC1FastConfig                        0x08001f91   Thumb Code    18  stm32f10x_tim.o(.text)
    TIM_OC2FastConfig                        0x08001fa3   Thumb Code    26  stm32f10x_tim.o(.text)
    TIM_OC3FastConfig                        0x08001fbd   Thumb Code    18  stm32f10x_tim.o(.text)
    TIM_OC4FastConfig                        0x08001fcf   Thumb Code    26  stm32f10x_tim.o(.text)
    TIM_ClearOC1Ref                          0x08001fe9   Thumb Code    18  stm32f10x_tim.o(.text)
    TIM_ClearOC2Ref                          0x08001ffb   Thumb Code    24  stm32f10x_tim.o(.text)
    TIM_ClearOC3Ref                          0x08002013   Thumb Code    18  stm32f10x_tim.o(.text)
    TIM_ClearOC4Ref                          0x08002025   Thumb Code    24  stm32f10x_tim.o(.text)
    TIM_OC1PolarityConfig                    0x0800203d   Thumb Code    18  stm32f10x_tim.o(.text)
    TIM_OC1NPolarityConfig                   0x0800204f   Thumb Code    18  stm32f10x_tim.o(.text)
    TIM_OC2PolarityConfig                    0x08002061   Thumb Code    26  stm32f10x_tim.o(.text)
    TIM_OC2NPolarityConfig                   0x0800207b   Thumb Code    26  stm32f10x_tim.o(.text)
    TIM_OC3PolarityConfig                    0x08002095   Thumb Code    26  stm32f10x_tim.o(.text)
    TIM_OC3NPolarityConfig                   0x080020af   Thumb Code    26  stm32f10x_tim.o(.text)
    TIM_OC4PolarityConfig                    0x080020c9   Thumb Code    26  stm32f10x_tim.o(.text)
    TIM_CCxCmd                               0x080020e3   Thumb Code    30  stm32f10x_tim.o(.text)
    TIM_CCxNCmd                              0x08002101   Thumb Code    30  stm32f10x_tim.o(.text)
    TIM_SelectOCxM                           0x0800211f   Thumb Code    82  stm32f10x_tim.o(.text)
    TIM_UpdateDisableConfig                  0x08002171   Thumb Code    24  stm32f10x_tim.o(.text)
    TIM_UpdateRequestConfig                  0x08002189   Thumb Code    24  stm32f10x_tim.o(.text)
    TIM_SelectHallSensor                     0x080021a1   Thumb Code    24  stm32f10x_tim.o(.text)
    TIM_SelectOnePulseMode                   0x080021b9   Thumb Code    18  stm32f10x_tim.o(.text)
    TIM_SelectOutputTrigger                  0x080021cb   Thumb Code    18  stm32f10x_tim.o(.text)
    TIM_SelectSlaveMode                      0x080021dd   Thumb Code    18  stm32f10x_tim.o(.text)
    TIM_SelectMasterSlaveMode                0x080021ef   Thumb Code    18  stm32f10x_tim.o(.text)
    TIM_SetCounter                           0x08002201   Thumb Code     4  stm32f10x_tim.o(.text)
    TIM_SetAutoreload                        0x08002205   Thumb Code     4  stm32f10x_tim.o(.text)
    TIM_SetCompare1                          0x08002209   Thumb Code     4  stm32f10x_tim.o(.text)
    TIM_SetCompare2                          0x0800220d   Thumb Code     4  stm32f10x_tim.o(.text)
    TIM_SetCompare3                          0x08002211   Thumb Code     4  stm32f10x_tim.o(.text)
    TIM_SetCompare4                          0x08002215   Thumb Code     6  stm32f10x_tim.o(.text)
    TIM_SetClockDivision                     0x0800221b   Thumb Code    18  stm32f10x_tim.o(.text)
    TIM_GetCapture1                          0x0800222d   Thumb Code     6  stm32f10x_tim.o(.text)
    TIM_GetCapture2                          0x08002233   Thumb Code     6  stm32f10x_tim.o(.text)
    TIM_GetCapture3                          0x08002239   Thumb Code     6  stm32f10x_tim.o(.text)
    TIM_GetCapture4                          0x0800223f   Thumb Code     8  stm32f10x_tim.o(.text)
    TIM_GetCounter                           0x08002247   Thumb Code     6  stm32f10x_tim.o(.text)
    TIM_GetPrescaler                         0x0800224d   Thumb Code     6  stm32f10x_tim.o(.text)
    TIM_GetFlagStatus                        0x08002253   Thumb Code    18  stm32f10x_tim.o(.text)
    TIM_ClearFlag                            0x08002265   Thumb Code     6  stm32f10x_tim.o(.text)
    TIM_GetITStatus                          0x0800226b   Thumb Code    34  stm32f10x_tim.o(.text)
    TIM_ClearITPendingBit                    0x0800228d   Thumb Code     6  stm32f10x_tim.o(.text)
    USART_DeInit                             0x08002295   Thumb Code   134  stm32f10x_usart.o(.text)
    USART_Init                               0x0800231b   Thumb Code   210  stm32f10x_usart.o(.text)
    USART_StructInit                         0x080023ed   Thumb Code    24  stm32f10x_usart.o(.text)
    USART_ClockInit                          0x08002405   Thumb Code    34  stm32f10x_usart.o(.text)
    USART_ClockStructInit                    0x08002427   Thumb Code    12  stm32f10x_usart.o(.text)
    USART_Cmd                                0x08002433   Thumb Code    24  stm32f10x_usart.o(.text)
    USART_ITConfig                           0x0800244b   Thumb Code    74  stm32f10x_usart.o(.text)
    USART_DMACmd                             0x08002495   Thumb Code    18  stm32f10x_usart.o(.text)
    USART_SetAddress                         0x080024a7   Thumb Code    18  stm32f10x_usart.o(.text)
    USART_WakeUpConfig                       0x080024b9   Thumb Code    18  stm32f10x_usart.o(.text)
    USART_ReceiverWakeUpCmd                  0x080024cb   Thumb Code    24  stm32f10x_usart.o(.text)
    USART_LINBreakDetectLengthConfig         0x080024e3   Thumb Code    18  stm32f10x_usart.o(.text)
    USART_LINCmd                             0x080024f5   Thumb Code    24  stm32f10x_usart.o(.text)
    USART_SendData                           0x0800250d   Thumb Code     8  stm32f10x_usart.o(.text)
    USART_ReceiveData                        0x08002515   Thumb Code    10  stm32f10x_usart.o(.text)
    USART_SendBreak                          0x0800251f   Thumb Code    10  stm32f10x_usart.o(.text)
    USART_SetGuardTime                       0x08002529   Thumb Code    16  stm32f10x_usart.o(.text)
    USART_SetPrescaler                       0x08002539   Thumb Code    16  stm32f10x_usart.o(.text)
    USART_SmartCardCmd                       0x08002549   Thumb Code    24  stm32f10x_usart.o(.text)
    USART_SmartCardNACKCmd                   0x08002561   Thumb Code    24  stm32f10x_usart.o(.text)
    USART_HalfDuplexCmd                      0x08002579   Thumb Code    24  stm32f10x_usart.o(.text)
    USART_OverSampling8Cmd                   0x08002591   Thumb Code    22  stm32f10x_usart.o(.text)
    USART_OneBitMethodCmd                    0x080025a7   Thumb Code    24  stm32f10x_usart.o(.text)
    USART_IrDAConfig                         0x080025bf   Thumb Code    18  stm32f10x_usart.o(.text)
    USART_IrDACmd                            0x080025d1   Thumb Code    24  stm32f10x_usart.o(.text)
    USART_GetFlagStatus                      0x080025e9   Thumb Code    26  stm32f10x_usart.o(.text)
    USART_ClearFlag                          0x08002603   Thumb Code    18  stm32f10x_usart.o(.text)
    USART_GetITStatus                        0x08002615   Thumb Code    84  stm32f10x_usart.o(.text)
    USART_ClearITPendingBit                  0x08002669   Thumb Code    52  stm32f10x_usart.o(.text)
    main                                     0x0800269d   Thumb Code   492  main.o(.text)
    gpsData_send                             0x08002889   Thumb Code    42  main.o(.text)
    NMI_Handler                              0x080029a5   Thumb Code     2  stm32f10x_it.o(.text)
    HardFault_Handler                        0x080029a7   Thumb Code     4  stm32f10x_it.o(.text)
    MemManage_Handler                        0x080029ab   Thumb Code     4  stm32f10x_it.o(.text)
    BusFault_Handler                         0x080029af   Thumb Code     4  stm32f10x_it.o(.text)
    UsageFault_Handler                       0x080029b3   Thumb Code     4  stm32f10x_it.o(.text)
    SVC_Handler                              0x080029b7   Thumb Code     2  stm32f10x_it.o(.text)
    DebugMon_Handler                         0x080029b9   Thumb Code     2  stm32f10x_it.o(.text)
    PendSV_Handler                           0x080029bb   Thumb Code     2  stm32f10x_it.o(.text)
    RTCAlarm_IRQHandler                      0x080029bd   Thumb Code    56  stm32f10x_it.o(.text)
    USART2_IRQHandler                        0x080029f5   Thumb Code    34  stm32f10x_it.o(.text)
    USART2_Config                            0x08002a25   Thumb Code   116  mpu-6050.o(.text)
    USART2_DMA_Config                        0x08002a99   Thumb Code    76  mpu-6050.o(.text)
    mpu6050_init                             0x08002ae5   Thumb Code    30  mpu-6050.o(.text)
    Axis_DataTransfrom                       0x08002b03   Thumb Code   146  mpu-6050.o(.text)
    Angular_DataTransFrom                    0x08002b95   Thumb Code   146  mpu-6050.o(.text)
    Angle_DataTransfrom                      0x08002c27   Thumb Code   146  mpu-6050.o(.text)
    DealWithRotation                         0x08002ee5   Thumb Code   164  mpu-6050.o(.text)
    Axis_GetFinalData                        0x08002f89   Thumb Code    20  mpu-6050.o(.text)
    IsAccident                               0x08002f9d   Thumb Code   202  mpu-6050.o(.text)
    CrashFunction                            0x08003089   Thumb Code   194  bluetooth.o(.text)
    SendFromMPUtoBluetooth                   0x0800314b   Thumb Code   194  bluetooth.o(.text)
    sdfs_app_test                            0x0800325d   Thumb Code    98  sdfs_app.o(.text)
    sdfs_app_mnt                             0x080032bf   Thumb Code    30  sdfs_app.o(.text)
    OV2640_RGB565_Mode                       0x080033a1   Thumb Code    36  ov2640.o(.text)
    OV2640_OutSize_Set                       0x080033c5   Thumb Code   136  ov2640.o(.text)
    OV2640_JPEG_Mode                         0x0800344d   Thumb Code    66  ov2640.o(.text)
    ov2640_jpg_savephoto                     0x0800348f   Thumb Code   360  ov2640.o(.text)
    ov2640_jpg_sendphoto                     0x080035f7   Thumb Code   266  ov2640.o(.text)
    ov2640_speed_ctrl                        0x08003701   Thumb Code    40  ov2640.o(.text)
    JTAG_Set                                 0x08003729   Thumb Code    38  ov2640.o(.text)
    OV2640_Init                              0x0800374f   Thumb Code   502  ov2640.o(.text)
    OV2640_Auto_Exposure                     0x08003945   Thumb Code    40  ov2640.o(.text)
    OV2640_Light_Mode                        0x0800396d   Thumb Code   118  ov2640.o(.text)
    OV2640_Color_Saturation                  0x080039e3   Thumb Code    64  ov2640.o(.text)
    OV2640_Brightness                        0x08003a23   Thumb Code    56  ov2640.o(.text)
    OV2640_Contrast                          0x08003a5b   Thumb Code   116  ov2640.o(.text)
    OV2640_Special_Effects                   0x08003acf   Thumb Code   122  ov2640.o(.text)
    OV2640_Color_Bar                         0x08003b49   Thumb Code    40  ov2640.o(.text)
    OV2640_Window_Set                        0x08003b71   Thumb Code   216  ov2640.o(.text)
    OV2640_ImageWin_Set                      0x08003c49   Thumb Code   188  ov2640.o(.text)
    OV2640_ImageSize_Set                     0x08003d05   Thumb Code    80  ov2640.o(.text)
    NMEA_Comma_Pos                           0x08003d55   Thumb Code    50  gps.o(.text)
    NMEA_Pow                                 0x08003d87   Thumb Code    22  gps.o(.text)
    NMEA_Str2num                             0x08003d9d   Thumb Code   234  gps.o(.text)
    NMEA_GPRMC_Analysis                      0x08003e87   Thumb Code   532  gps.o(.text)
    NMEA_GPGSV_Analysis                      0x0800409b   Thumb Code   290  gps.o(.text)
    NMEA_GPGGA_Analysis                      0x080041bd   Thumb Code    96  gps.o(.text)
    NMEA_GPGSA_Analysis                      0x0800421d   Thumb Code   214  gps.o(.text)
    NMEA_GPVTG_Analysis                      0x080042f3   Thumb Code    78  gps.o(.text)
    Send_NMEA_GPRMC                          0x08004341   Thumb Code   170  gps.o(.text)
    Send_NMEA_GPGSV                          0x080043eb   Thumb Code   100  gps.o(.text)
    Send_NMEA_GPGGA                          0x0800444f   Thumb Code    50  gps.o(.text)
    Send_NMEA_GPGSA                          0x08004481   Thumb Code   156  gps.o(.text)
    Send_NMEA_GPVTG                          0x0800451d   Thumb Code    44  gps.o(.text)
    GPSMSG_Analysis                          0x08004549   Thumb Code    48  gps.o(.text)
    Send_NMEA_MSG                            0x08004579   Thumb Code   172  gps.o(.text)
    TIM3_Set                                 0x08004755   Thumb Code    36  uart4.o(.text)
    UART4_IRQHandler                         0x08004779   Thumb Code    90  uart4.o(.text)
    TIM3_Init                                0x080047d3   Thumb Code    80  uart4.o(.text)
    UART4_Init                               0x08004823   Thumb Code   180  uart4.o(.text)
    TIM3_IRQHandler                          0x080048d7   Thumb Code    44  uart4.o(.text)
    KEY_Init                                 0x08004919   Thumb Code    38  judge.o(.text)
    KEY_Scan                                 0x0800493f   Thumb Code    58  judge.o(.text)
    TIM4_Init                                0x08004979   Thumb Code    90  judge.o(.text)
    TIM4_IRQHandler                          0x080049d3   Thumb Code    72  judge.o(.text)
    BEEP_Init                                0x08004a41   Thumb Code    46  beep.o(.text)
    BEEP_Open                                0x08004a6f   Thumb Code    12  beep.o(.text)
    BEEP_Close                               0x08004a7b   Thumb Code    12  beep.o(.text)
    SD_DisSelect                             0x08004ac5   Thumb Code    18  sd.o(.text)
    SD_Select                                0x08004ad7   Thumb Code    28  sd.o(.text)
    SD_SendCmd                               0x08004af3   Thumb Code   126  sd.o(.text)
    SD_GetResponse                           0x08004b71   Thumb Code    38  sd.o(.text)
    SD_RecvData                              0x08004b97   Thumb Code    56  sd.o(.text)
    SD_SendBlock                             0x08004bcf   Thumb Code    82  sd.o(.text)
    SD_GetCID                                0x08004c21   Thumb Code    42  sd.o(.text)
    SD_GetCSD                                0x08004c4b   Thumb Code    42  sd.o(.text)
    SD_GetSectorCount                        0x08004c75   Thumb Code   118  sd.o(.text)
    SD_Init                                  0x08004ceb   Thumb Code   388  sd.o(.text)
    SD_ReadDisk                              0x08004e6f   Thumb Code   124  sd.o(.text)
    SD_WriteDisk                             0x08004eeb   Thumb Code   140  sd.o(.text)
    SD_TryInit                               0x08004f77   Thumb Code    38  sd.o(.text)
    SD_ViewSector                            0x08004f9d   Thumb Code    30  sd.o(.text)
    SPI1_Init                                0x08004fc5   Thumb Code   144  spi.o(.text)
    SPI1_ReadWriteByte                       0x08005055   Thumb Code    50  spi.o(.text)
    SPI1_SetSpeed                            0x08005087   Thumb Code    36  spi.o(.text)
    SCCB_Init                                0x080050b5   Thumb Code   102  sccb.o(.text)
    SCCB_Start                               0x0800511b   Thumb Code    42  sccb.o(.text)
    SCCB_Stop                                0x08005145   Thumb Code    42  sccb.o(.text)
    SCCB_No_Ack                              0x0800516f   Thumb Code    54  sccb.o(.text)
    SCCB_WR_Byte                             0x080051a5   Thumb Code   152  sccb.o(.text)
    SCCB_RD_Byte                             0x0800523d   Thumb Code   104  sccb.o(.text)
    SCCB_WR_Reg                              0x080052a5   Thumb Code    62  sccb.o(.text)
    SCCB_RD_Reg                              0x080052e3   Thumb Code    78  sccb.o(.text)
    _sys_exit                                0x08005349   Thumb Code     6  usart.o(.text)
    fputc                                    0x0800534f   Thumb Code    24  usart.o(.text)
    USART_Config                             0x08005367   Thumb Code   152  usart.o(.text)
    USART1_IRQHandler                        0x080053ff   Thumb Code   122  usart.o(.text)
    mymemcpy                                 0x08005489   Thumb Code    26  malloc.o(.text)
    mymemset                                 0x080054a3   Thumb Code    20  malloc.o(.text)
    my_mem_init                              0x080054b7   Thumb Code    54  malloc.o(.text)
    my_mem_perused                           0x080054ed   Thumb Code    54  malloc.o(.text)
    my_mem_malloc                            0x08005523   Thumb Code   154  malloc.o(.text)
    my_mem_free                              0x080055bd   Thumb Code    94  malloc.o(.text)
    myfree                                   0x0800561b   Thumb Code    32  malloc.o(.text)
    mymalloc                                 0x0800563b   Thumb Code    36  malloc.o(.text)
    myrealloc                                0x0800565f   Thumb Code    68  malloc.o(.text)
    TIM2_Set                                 0x080056b5   Thumb Code    40  uart5.o(.text)
    UART5_IRQHandler                         0x080056dd   Thumb Code    90  uart5.o(.text)
    TIM2_Init                                0x08005737   Thumb Code    82  uart5.o(.text)
    UART5_Init                               0x08005789   Thumb Code   176  uart5.o(.text)
    TIM2_IRQHandler                          0x08005839   Thumb Code    44  uart5.o(.text)
    disk_status                              0x08005879   Thumb Code    32  diskio.o(.text)
    disk_initialize                          0x08005899   Thumb Code    48  diskio.o(.text)
    disk_read                                0x080058c9   Thumb Code    50  diskio.o(.text)
    disk_write                               0x080058fb   Thumb Code    50  diskio.o(.text)
    disk_ioctl                               0x0800592d   Thumb Code    12  diskio.o(.text)
    get_fattime                              0x08005939   Thumb Code     4  diskio.o(.text)
    clust2sect                               0x08005af3   Thumb Code    26  ff.o(.text)
    get_fat                                  0x08005b0d   Thumb Code   242  ff.o(.text)
    put_fat                                  0x08005bff   Thumb Code   322  ff.o(.text)
    f_mount                                  0x0800678b   Thumb Code    86  ff.o(.text)
    f_open                                   0x080067e1   Thumb Code   374  ff.o(.text)
    f_read                                   0x08006957   Thumb Code   318  ff.o(.text)
    f_write                                  0x08006a95   Thumb Code   442  ff.o(.text)
    f_sync                                   0x08006c4f   Thumb Code   138  ff.o(.text)
    f_close                                  0x08006cd9   Thumb Code    32  ff.o(.text)
    f_gets                                   0x08006cf9   Thumb Code    86  ff.o(.text)
    f_putc                                   0x08006d9d   Thumb Code    64  ff.o(.text)
    f_puts                                   0x08006ddd   Thumb Code    74  ff.o(.text)
    f_printf                                 0x08006e27   Thumb Code   628  ff.o(.text)
    delay_init                               0x0800709d   Thumb Code    50  delay.o(.text)
    delay_us                                 0x080070cf   Thumb Code    72  delay.o(.text)
    delay_ms                                 0x08007117   Thumb Code    72  delay.o(.text)
    NVIC_Configuration                       0x08007171   Thumb Code    76  sys.o(.text)
    GoToSleep                                0x080071bd   Thumb Code    20  exti.o(.text)
    RCC_Configuration                        0x080071d1   Thumb Code    92  exti.o(.text)
    SYSCLKConfig                             0x0800722d   Thumb Code    54  exti.o(.text)
    RTC_Configuration                        0x08007263   Thumb Code    84  exti.o(.text)
    EXTI_Configuration                       0x080072b7   Thumb Code    42  exti.o(.text)
    EXTI15_10_IRQHandler                     0x080072e1   Thumb Code    22  exti.o(.text)
    GPIO_Configuration                       0x080072f9   Thumb Code    78  gpio.o(.text)
    USART3_Config                            0x08007379   Thumb Code   134  bsp_usart3.o(.text)
    get_usart3_Rxbuf_len                     0x08007461   Thumb Code    12  bsp_usart3.o(.text)
    get_usart3_Rxbuf                         0x0800746d   Thumb Code     4  bsp_usart3.o(.text)
    clean_usart3_Rxbuf                       0x08007471   Thumb Code    26  bsp_usart3.o(.text)
    USART3_printf                            0x0800748b   Thumb Code   310  bsp_usart3.o(.text)
    u3_printf                                0x080075c1   Thumb Code    74  bsp_usart3.o(.text)
    USART3_IRQHandler                        0x0800760b   Thumb Code    48  bsp_usart3.o(.text)
    sim900a_cmd_check                        0x0800764d   Thumb Code    36  sim900a.o(.text)
    sim900a_cmd                              0x08007671   Thumb Code    42  sim900a.o(.text)
    sim900a_waitask                          0x0800769b   Thumb Code    46  sim900a.o(.text)
    sim900a_cnum                             0x080076c9   Thumb Code    82  sim900a.o(.text)
    get_CCID                                 0x0800771b   Thumb Code    88  sim900a.o(.text)
    get_CSQ                                  0x08007773   Thumb Code   116  sim900a.o(.text)
    sim900a_gprs_init                        0x080077e7   Thumb Code    50  sim900a.o(.text)
    sim900a_gprs_tcp_link                    0x08007819   Thumb Code    56  sim900a.o(.text)
    sim900a_gprs_status                      0x08007851   Thumb Code   110  sim900a.o(.text)
    sim900a_gprs_send                        0x080078bf   Thumb Code   102  sim900a.o(.text)
    sim900a_gprs_send_photo                  0x08007925   Thumb Code   648  sim900a.o(.text)
    sim900a_gprs_link_close                  0x08007bad   Thumb Code    24  sim900a.o(.text)
    sim900a_gprs_checkIP                     0x08007bc5   Thumb Code    50  sim900a.o(.text)
    get_IMEI                                 0x08007bf7   Thumb Code    88  sim900a.o(.text)
    gprs_reg_status                          0x08007c4f   Thumb Code    92  sim900a.o(.text)
    gprs_init                                0x08007cab   Thumb Code   124  sim900a.o(.text)
    rand                                     0x08007e61   Thumb Code    20  rand.o(.text)
    srand                                    0x08007e75   Thumb Code     6  rand.o(.text)
    __aeabi_memset                           0x08007e85   Thumb Code    14  memseta.o(.text)
    __aeabi_memset4                          0x08007e85   Thumb Code     0  memseta.o(.text)
    __aeabi_memset8                          0x08007e85   Thumb Code     0  memseta.o(.text)
    __aeabi_memclr                           0x08007e93   Thumb Code     4  memseta.o(.text)
    __aeabi_memclr4                          0x08007e93   Thumb Code     0  memseta.o(.text)
    __aeabi_memclr8                          0x08007e93   Thumb Code     0  memseta.o(.text)
    _memset$wrapper                          0x08007e97   Thumb Code    18  memseta.o(.text)
    strstr                                   0x08007ea9   Thumb Code    36  strstr.o(.text)
    strlen                                   0x08007ecd   Thumb Code    14  strlen.o(.text)
    strcpy                                   0x08007edb   Thumb Code    18  strcpy.o(.text)
    __aeabi_fadd                             0x08007eed   Thumb Code   164  fadd.o(.text)
    __aeabi_fsub                             0x08007f91   Thumb Code     6  fadd.o(.text)
    __aeabi_frsub                            0x08007f97   Thumb Code     6  fadd.o(.text)
    __aeabi_fmul                             0x08007f9d   Thumb Code   100  fmul.o(.text)
    __aeabi_fdiv                             0x08008001   Thumb Code   124  fdiv.o(.text)
    __aeabi_dadd                             0x0800807d   Thumb Code   322  dadd.o(.text)
    __aeabi_dsub                             0x080081bf   Thumb Code     6  dadd.o(.text)
    __aeabi_drsub                            0x080081c5   Thumb Code     6  dadd.o(.text)
    __aeabi_dmul                             0x080081cb   Thumb Code   228  dmul.o(.text)
    __aeabi_ddiv                             0x080082af   Thumb Code   222  ddiv.o(.text)
    __aeabi_i2f                              0x0800838d   Thumb Code    18  fflti.o(.text)
    __aeabi_ui2f                             0x0800839f   Thumb Code    10  ffltui.o(.text)
    __aeabi_i2d                              0x080083a9   Thumb Code    34  dflti.o(.text)
    __aeabi_f2iz                             0x080083cb   Thumb Code    50  ffixi.o(.text)
    __aeabi_f2uiz                            0x080083fd   Thumb Code    40  ffixui.o(.text)
    __aeabi_f2d                              0x08008425   Thumb Code    38  f2d.o(.text)
    __aeabi_cdrcmple                         0x0800844d   Thumb Code    38  cdrcmple.o(.text)
    __aeabi_d2f                              0x08008475   Thumb Code    56  d2f.o(.text)
    __aeabi_cfcmpeq                          0x080084ad   Thumb Code     0  cfcmple.o(.text)
    __aeabi_cfcmple                          0x080084ad   Thumb Code    20  cfcmple.o(.text)
    fgetc                                    0x080084c1   Thumb Code     8  fgetc.o(.text)
    __aeabi_uidiv                            0x080084c9   Thumb Code     0  uidiv.o(.text)
    __aeabi_uidivmod                         0x080084c9   Thumb Code    44  uidiv.o(.text)
    __aeabi_uldivmod                         0x080084f5   Thumb Code    98  uldiv.o(.text)
    __aeabi_llsl                             0x08008557   Thumb Code    30  llshl.o(.text)
    _ll_shift_l                              0x08008557   Thumb Code     0  llshl.o(.text)
    __aeabi_lasr                             0x08008575   Thumb Code    36  llsshr.o(.text)
    _ll_sshift_r                             0x08008575   Thumb Code     0  llsshr.o(.text)
    __I$use$fp                               0x08008599   Thumb Code     0  iusefp.o(.text)
    _float_round                             0x08008599   Thumb Code    18  fepilogue.o(.text)
    _float_epilogue                          0x080085ab   Thumb Code    92  fepilogue.o(.text)
    _double_round                            0x08008607   Thumb Code    26  depilogue.o(.text)
    _double_epilogue                         0x08008621   Thumb Code   156  depilogue.o(.text)
    __ARM_scalbn                             0x080086bd   Thumb Code    46  dscalb.o(.text)
    scalbn                                   0x080086bd   Thumb Code     0  dscalb.o(.text)
    __aeabi_d2ulz                            0x080086eb   Thumb Code    48  dfixul.o(.text)
    __scatterload                            0x0800871d   Thumb Code    28  init.o(.text)
    __scatterload_rt2                        0x0800871d   Thumb Code     0  init.o(.text)
    __aeabi_llsr                             0x08008741   Thumb Code    32  llushr.o(.text)
    __semihosting_library_function           0x08008741   Thumb Code     0  semi.o(.text)
    _ll_ushift_r                             0x08008741   Thumb Code     0  llushr.o(.text)
    __I$use$semihosting$fgetc                0x08008761   Thumb Code     0  iusesemig.o(.text)
    __aeabi_ui2d                             0x08008761   Thumb Code    26  dfltui.o(.text)
    __aeabi_d2iz                             0x0800877b   Thumb Code    62  dfixi.o(.text)
    __0printf                                0x080087b9   Thumb Code    22  printfa.o(i.__0printf)
    __1printf                                0x080087b9   Thumb Code     0  printfa.o(i.__0printf)
    __2printf                                0x080087b9   Thumb Code     0  printfa.o(i.__0printf)
    __c89printf                              0x080087b9   Thumb Code     0  printfa.o(i.__0printf)
    printf                                   0x080087b9   Thumb Code     0  printfa.o(i.__0printf)
    __0sprintf                               0x080087d9   Thumb Code    34  printfa.o(i.__0sprintf)
    __1sprintf                               0x080087d9   Thumb Code     0  printfa.o(i.__0sprintf)
    __2sprintf                               0x080087d9   Thumb Code     0  printfa.o(i.__0sprintf)
    __c89sprintf                             0x080087d9   Thumb Code     0  printfa.o(i.__0sprintf)
    sprintf                                  0x080087d9   Thumb Code     0  printfa.o(i.__0sprintf)
    __0vsprintf                              0x08008801   Thumb Code    30  printfa.o(i.__0vsprintf)
    __1vsprintf                              0x08008801   Thumb Code     0  printfa.o(i.__0vsprintf)
    __2vsprintf                              0x08008801   Thumb Code     0  printfa.o(i.__0vsprintf)
    __c89vsprintf                            0x08008801   Thumb Code     0  printfa.o(i.__0vsprintf)
    vsprintf                                 0x08008801   Thumb Code     0  printfa.o(i.__0vsprintf)
    __ARM_fpclassify                         0x08008825   Thumb Code    40  fpclassify.o(i.__ARM_fpclassify)
    __ieee754_rem_pio2                       0x0800884d   Thumb Code   830  rred.o(i.__ieee754_rem_pio2)
    __kernel_cos                             0x08008bd5   Thumb Code   230  cos_i.o(i.__kernel_cos)
    __kernel_poly                            0x08008cd1   Thumb Code   170  poly.o(i.__kernel_poly)
    __kernel_sin                             0x08008d7d   Thumb Code   224  sin_i.o(i.__kernel_sin)
    __mathlib_dbl_underflow                  0x08008e69   Thumb Code    10  dunder.o(i.__mathlib_dbl_underflow)
    __scatterload_copy                       0x08008e79   Thumb Code    14  handlers.o(i.__scatterload_copy)
    __scatterload_null                       0x08008e87   Thumb Code     2  handlers.o(i.__scatterload_null)
    __scatterload_zeroinit                   0x08008e89   Thumb Code    14  handlers.o(i.__scatterload_zeroinit)
    __set_errno                              0x08008e99   Thumb Code     6  errno.o(i.__set_errno)
    cos                                      0x08009741   Thumb Code   164  cos.o(i.cos)
    getc                                     0x080097ed   Thumb Code     4  getc.o(i.getc)
    sin                                      0x080097f1   Thumb Code   166  sin.o(i.sin)
    ov2640_uxga_init_reg_tbl                 0x080098a0   Data         356  ov2640.o(.constdata)
    ov2640_svga_init_reg_tbl                 0x08009a04   Data         354  ov2640.o(.constdata)
    ov2640_yuv422_reg_tbl                    0x08009b66   Data          16  ov2640.o(.constdata)
    ov2640_jpeg_reg_tbl                      0x08009b76   Data          14  ov2640.o(.constdata)
    ov2640_rgb565_reg_tbl                    0x08009b84   Data          28  ov2640.o(.constdata)
    memtblsize                               0x08009bc8   Data           8  malloc.o(.constdata)
    memblksize                               0x08009bd0   Data           8  malloc.o(.constdata)
    memsize                                  0x08009bd8   Data           8  malloc.o(.constdata)
    Region$$Table$$Base                      0x08009da4   Number         0  anon$$obj.o(Region$$Table)
    Region$$Table$$Limit                     0x08009dc4   Number         0  anon$$obj.o(Region$$Table)
    SystemCoreClock                          0x20000000   Data           4  system_stm32f10x.o(.data)
    AHBPrescTable                            0x20000004   Data          16  system_stm32f10x.o(.data)
    gps                                      0x20000028   Data           4  main.o(.data)
    root                                     0x20000038   Data           4  sdfs_app.o(.data)
    ov2640_framebuf                          0x2000003c   Data           4  ov2640.o(.data)
    UART4_RX_STA                             0x20000040   Data           2  uart4.o(.data)
    isAccident                               0x20000042   Data           1  judge.o(.data)
    timecount                                0x20000043   Data           1  judge.o(.data)
    SD_Type                                  0x20000045   Data           1  sd.o(.data)
    __stdout                                 0x20000048   Data           4  usart.o(.data)
    USART_RX_STA                             0x2000004c   Data           2  usart.o(.data)
    mallco_dev                               0x20000050   Data          28  malloc.o(.data)
    UART5_RX_STA                             0x2000006c   Data           2  uart5.o(.data)
    usart3_index                             0x2000007a   Data           1  bsp_usart3.o(.data)
    __stdin                                  0x2000007c   Data           4  stdin.o(.data)
    mse                                      0x20000088   Data         105  main.o(.bss)
    usart2_buff                              0x200000f1   Data          20  stm32f10x_it.o(.bss)
    MPU_Data                                 0x20000108   Data          33  mpu-6050.o(.bss)
    Angle                                    0x2000012c   Data          12  mpu-6050.o(.bss)
    Angular                                  0x20000138   Data          12  mpu-6050.o(.bss)
    FinalBaseAxis                            0x20000144   Data          12  mpu-6050.o(.bss)
    Axis                                     0x20000150   Data          12  bluetooth.o(.bss)
    myfat                                    0x2000015c   Data         560  sdfs_app.o(.bss)
    UART4_RX_BUF                             0x2000038c   Data         300  uart4.o(.bss)
    buf                                      0x200004b8   Data         512  sd.o(.bss)
    USART_RX_BUF                             0x200006b8   Data         200  usart.o(.bss)
    mem1base                                 0x20000780   Data       58368  malloc.o(.bss)
    mem1mapbase                              0x2000eb80   Data        3648  malloc.o(.bss)
    UART5_RX_BUF                             0x2000f9c0   Data         100  uart5.o(.bss)
    usart3_buff                              0x2000fa24   Data         400  bsp_usart3.o(.bss)
    __initial_sp                             0x2000ffb8   Data           0  startup_stm32f10x_hd.o(STACK)
    mem2base                                 0x68000000   Data          32  malloc.o(.ARM.__AT_0x68000000)
    mem2mapbase                              0x68000020   Data           2  malloc.o(.ARM.__AT_0x68000020)



==============================================================================

Memory Map of the image

  Image Entry point : 0x08000131

  Load Region LR_IROM1 (Base: 0x08000000, Size: 0x00009e4c, Max: 0x00080000, ABSOLUTE)

    Execution Region ER_IROM1 (Base: 0x08000000, Size: 0x00009dc4, Max: 0x00080000, ABSOLUTE)

    Base Addr    Size         Type   Attr      Idx    E Section Name        Object

    0x08000000   0x00000130   Data   RO            3    RESET               startup_stm32f10x_hd.o
    0x08000130   0x00000000   Code   RO         1072  * .ARM.Collect$$$$00000000  mc_w.l(entry.o)
    0x08000130   0x00000004   Code   RO         1394    .ARM.Collect$$$$00000001  mc_w.l(entry2.o)
    0x08000134   0x00000004   Code   RO         1397    .ARM.Collect$$$$00000004  mc_w.l(entry5.o)
    0x08000138   0x00000000   Code   RO         1399    .ARM.Collect$$$$00000008  mc_w.l(entry7b.o)
    0x08000138   0x00000000   Code   RO         1401    .ARM.Collect$$$$0000000A  mc_w.l(entry8b.o)
    0x08000138   0x00000008   Code   RO         1402    .ARM.Collect$$$$0000000B  mc_w.l(entry9a.o)
    0x08000140   0x00000000   Code   RO         1404    .ARM.Collect$$$$0000000D  mc_w.l(entry10a.o)
    0x08000140   0x00000000   Code   RO         1406    .ARM.Collect$$$$0000000F  mc_w.l(entry11a.o)
    0x08000140   0x00000004   Code   RO         1395    .ARM.Collect$$$$00002712  mc_w.l(entry2.o)
    0x08000144   0x00000024   Code   RO            4    .text               startup_stm32f10x_hd.o
    0x08000168   0x000001e0   Code   RO           24    .text               system_stm32f10x.o
    0x08000348   0x000000dc   Code   RO          121    .text               misc.o
    0x08000424   0x000000c4   Code   RO          149    .text               stm32f10x_bkp.o
    0x080004e8   0x00000254   Code   RO          221    .text               stm32f10x_dma.o
    0x0800073c   0x0000011c   Code   RO          233    .text               stm32f10x_exti.o
    0x08000858   0x0000035c   Code   RO          269    .text               stm32f10x_gpio.o
    0x08000bb4   0x000000cc   Code   RO          305    .text               stm32f10x_pwr.o
    0x08000c80   0x000003a4   Code   RO          317    .text               stm32f10x_rcc.o
    0x08001024   0x00000148   Code   RO          331    .text               stm32f10x_rtc.o
    0x0800116c   0x0000030c   Code   RO          355    .text               stm32f10x_spi.o
    0x08001478   0x00000e1a   Code   RO          367    .text               stm32f10x_tim.o
    0x08002292   0x00000002   PAD
    0x08002294   0x00000408   Code   RO          379    .text               stm32f10x_usart.o
    0x0800269c   0x00000308   Code   RO          403    .text               main.o
    0x080029a4   0x00000080   Code   RO          594    .text               stm32f10x_it.o
    0x08002a24   0x00000664   Code   RO          612    .text               mpu-6050.o
    0x08003088   0x000001d4   Code   RO          631    .text               bluetooth.o
    0x0800325c   0x00000144   Code   RO          660    .text               sdfs_app.o
    0x080033a0   0x000009b4   Code   RO          698    .text               ov2640.o
    0x08003d54   0x00000a00   Code   RO          721    .text               gps.o
    0x08004754   0x000001c4   Code   RO          745    .text               uart4.o
    0x08004918   0x00000128   Code   RO          771    .text               judge.o
    0x08004a40   0x0000004c   Code   RO          786    .text               beep.o
    0x08004a8c   0x00000538   Code   RO          801    .text               sd.o
    0x08004fc4   0x000000f0   Code   RO          817    .text               spi.o
    0x080050b4   0x00000294   Code   RO          829    .text               sccb.o
    0x08005348   0x00000140   Code   RO          844    .text               usart.o
    0x08005488   0x0000022c   Code   RO          867    .text               malloc.o
    0x080056b4   0x000001c4   Code   RO          889    .text               uart5.o
    0x08005878   0x000000c4   Code   RO          908    .text               diskio.o
    0x0800593c   0x0000175e   Code   RO          923    .text               ff.o
    0x0800709a   0x00000002   PAD
    0x0800709c   0x000000d4   Code   RO          940    .text               delay.o
    0x08007170   0x0000004c   Code   RO          954    .text               sys.o
    0x080071bc   0x0000013a   Code   RO          966    .text               exti.o
    0x080072f6   0x00000002   PAD
    0x080072f8   0x00000058   Code   RO          981    .text               gpio.o
    0x08007350   0x000002fc   Code   RO         1014    .text               bsp_usart3.o
    0x0800764c   0x00000814   Code   RO         1037    .text               sim900a.o
    0x08007e60   0x00000024   Code   RO         1078    .text               mc_w.l(rand.o)
    0x08007e84   0x00000024   Code   RO         1081    .text               mc_w.l(memseta.o)
    0x08007ea8   0x00000024   Code   RO         1083    .text               mc_w.l(strstr.o)
    0x08007ecc   0x0000000e   Code   RO         1085    .text               mc_w.l(strlen.o)
    0x08007eda   0x00000012   Code   RO         1087    .text               mc_w.l(strcpy.o)
    0x08007eec   0x000000b0   Code   RO         1350    .text               mf_w.l(fadd.o)
    0x08007f9c   0x00000064   Code   RO         1352    .text               mf_w.l(fmul.o)
    0x08008000   0x0000007c   Code   RO         1354    .text               mf_w.l(fdiv.o)
    0x0800807c   0x0000014e   Code   RO         1356    .text               mf_w.l(dadd.o)
    0x080081ca   0x000000e4   Code   RO         1358    .text               mf_w.l(dmul.o)
    0x080082ae   0x000000de   Code   RO         1360    .text               mf_w.l(ddiv.o)
    0x0800838c   0x00000012   Code   RO         1362    .text               mf_w.l(fflti.o)
    0x0800839e   0x0000000a   Code   RO         1364    .text               mf_w.l(ffltui.o)
    0x080083a8   0x00000022   Code   RO         1366    .text               mf_w.l(dflti.o)
    0x080083ca   0x00000032   Code   RO         1368    .text               mf_w.l(ffixi.o)
    0x080083fc   0x00000028   Code   RO         1370    .text               mf_w.l(ffixui.o)
    0x08008424   0x00000026   Code   RO         1372    .text               mf_w.l(f2d.o)
    0x0800844a   0x00000002   PAD
    0x0800844c   0x00000028   Code   RO         1374    .text               mf_w.l(cdrcmple.o)
    0x08008474   0x00000038   Code   RO         1376    .text               mf_w.l(d2f.o)
    0x080084ac   0x00000014   Code   RO         1378    .text               mf_w.l(cfcmple.o)
    0x080084c0   0x00000008   Code   RO         1408    .text               mc_w.l(fgetc.o)
    0x080084c8   0x0000002c   Code   RO         1419    .text               mc_w.l(uidiv.o)
    0x080084f4   0x00000062   Code   RO         1421    .text               mc_w.l(uldiv.o)
    0x08008556   0x0000001e   Code   RO         1423    .text               mc_w.l(llshl.o)
    0x08008574   0x00000024   Code   RO         1425    .text               mc_w.l(llsshr.o)
    0x08008598   0x00000000   Code   RO         1434    .text               mc_w.l(iusefp.o)
    0x08008598   0x0000006e   Code   RO         1435    .text               mf_w.l(fepilogue.o)
    0x08008606   0x000000b6   Code   RO         1437    .text               mf_w.l(depilogue.o)
    0x080086bc   0x0000002e   Code   RO         1439    .text               mf_w.l(dscalb.o)
    0x080086ea   0x00000030   Code   RO         1441    .text               mf_w.l(dfixul.o)
    0x0800871a   0x00000002   PAD
    0x0800871c   0x00000024   Code   RO         1449    .text               mc_w.l(init.o)
    0x08008740   0x00000000   Code   RO         1451    .text               mc_w.l(semi.o)
    0x08008740   0x00000020   Code   RO         1452    .text               mc_w.l(llushr.o)
    0x08008760   0x00000000   Code   RO         1454    .text               mc_w.l(iusesemig.o)
    0x08008760   0x0000001a   Code   RO         1455    .text               mf_w.l(dfltui.o)
    0x0800877a   0x0000003e   Code   RO         1457    .text               mf_w.l(dfixi.o)
    0x080087b8   0x00000020   Code   RO         1322    i.__0printf         mc_w.l(printfa.o)
    0x080087d8   0x00000028   Code   RO         1324    i.__0sprintf        mc_w.l(printfa.o)
    0x08008800   0x00000024   Code   RO         1328    i.__0vsprintf       mc_w.l(printfa.o)
    0x08008824   0x00000028   Code   RO         1445    i.__ARM_fpclassify  m_ws.l(fpclassify.o)
    0x0800884c   0x00000388   Code   RO         1383    i.__ieee754_rem_pio2  m_ws.l(rred.o)
    0x08008bd4   0x000000fc   Code   RO         1380    i.__kernel_cos      m_ws.l(cos_i.o)
    0x08008cd0   0x000000aa   Code   RO         1447    i.__kernel_poly     m_ws.l(poly.o)
    0x08008d7a   0x00000002   PAD
    0x08008d7c   0x000000ec   Code   RO         1388    i.__kernel_sin      m_ws.l(sin_i.o)
    0x08008e68   0x00000010   Code   RO         1443    i.__mathlib_dbl_underflow  m_ws.l(dunder.o)
    0x08008e78   0x0000000e   Code   RO         1461    i.__scatterload_copy  mc_w.l(handlers.o)
    0x08008e86   0x00000002   Code   RO         1462    i.__scatterload_null  mc_w.l(handlers.o)
    0x08008e88   0x0000000e   Code   RO         1463    i.__scatterload_zeroinit  mc_w.l(handlers.o)
    0x08008e96   0x00000002   PAD
    0x08008e98   0x0000000c   Code   RO         1429    i.__set_errno       mc_w.l(errno.o)
    0x08008ea4   0x00000164   Code   RO         1329    i._fp_digits        mc_w.l(printfa.o)
    0x08009008   0x000006dc   Code   RO         1330    i._printf_core      mc_w.l(printfa.o)
    0x080096e4   0x00000024   Code   RO         1331    i._printf_post_padding  mc_w.l(printfa.o)
    0x08009708   0x0000002e   Code   RO         1332    i._printf_pre_padding  mc_w.l(printfa.o)
    0x08009736   0x0000000a   Code   RO         1334    i._sputc            mc_w.l(printfa.o)
    0x08009740   0x000000ac   Code   RO         1057    i.cos               m_ws.l(cos.o)
    0x080097ec   0x00000004   Code   RO         1075    i.getc              mc_w.l(getc.o)
    0x080097f0   0x000000b0   Code   RO         1065    i.sin               m_ws.l(sin.o)
    0x080098a0   0x00000328   Data   RO          699    .constdata          ov2640.o
    0x08009bc8   0x00000018   Data   RO          871    .constdata          malloc.o
    0x08009be0   0x00000030   Data   RO         1381    .constdata          m_ws.l(cos_i.o)
    0x08009c10   0x000000c8   Data   RO         1385    .constdata          m_ws.l(rred.o)
    0x08009cd8   0x00000028   Data   RO         1389    .constdata          m_ws.l(sin_i.o)
    0x08009d00   0x000000a1   Data   RO          723    .conststring        gps.o
    0x08009da1   0x00000003   PAD
    0x08009da4   0x00000020   Data   RO         1459    Region$$Table       anon$$obj.o


    Execution Region RW_IRAM1 (Base: 0x20000000, Size: 0x0000ffb8, Max: 0x00010000, ABSOLUTE)

    Base Addr    Size         Type   Attr      Idx    E Section Name        Object

    0x20000000   0x00000014   Data   RW           25    .data               system_stm32f10x.o
    0x20000014   0x00000014   Data   RW          318    .data               stm32f10x_rcc.o
    0x20000028   0x00000004   Data   RW          405    .data               main.o
    0x2000002c   0x0000000a   Data   RW          633    .data               bluetooth.o
    0x20000036   0x00000002   PAD
    0x20000038   0x00000004   Data   RW          663    .data               sdfs_app.o
    0x2000003c   0x00000004   Data   RW          700    .data               ov2640.o
    0x20000040   0x00000002   Data   RW          747    .data               uart4.o
    0x20000042   0x00000003   Data   RW          772    .data               judge.o
    0x20000045   0x00000001   Data   RW          803    .data               sd.o
    0x20000046   0x00000002   PAD
    0x20000048   0x00000006   Data   RW          846    .data               usart.o
    0x2000004e   0x00000002   PAD
    0x20000050   0x0000001c   Data   RW          872    .data               malloc.o
    0x2000006c   0x00000002   Data   RW          891    .data               uart5.o
    0x2000006e   0x00000002   PAD
    0x20000070   0x00000006   Data   RW          924    .data               ff.o
    0x20000076   0x00000004   Data   RW          941    .data               delay.o
    0x2000007a   0x00000001   Data   RW         1016    .data               bsp_usart3.o
    0x2000007b   0x00000001   PAD
    0x2000007c   0x00000004   Data   RW         1077    .data               mc_w.l(stdin.o)
    0x20000080   0x00000004   Data   RW         1079    .data               mc_w.l(rand.o)
    0x20000084   0x00000004   Data   RW         1430    .data               mc_w.l(errno.o)
    0x20000088   0x00000069   Zero   RW          404    .bss                main.o
    0x200000f1   0x00000014   Zero   RW          595    .bss                stm32f10x_it.o
    0x20000105   0x00000003   PAD
    0x20000108   0x00000048   Zero   RW          613    .bss                mpu-6050.o
    0x20000150   0x0000000c   Zero   RW          632    .bss                bluetooth.o
    0x2000015c   0x00000230   Zero   RW          661    .bss                sdfs_app.o
    0x2000038c   0x0000012c   Zero   RW          746    .bss                uart4.o
    0x200004b8   0x00000200   Zero   RW          802    .bss                sd.o
    0x200006b8   0x000000c8   Zero   RW          845    .bss                usart.o
    0x20000780   0x0000f240   Zero   RW          870    .bss                malloc.o
    0x2000f9c0   0x00000064   Zero   RW          890    .bss                uart5.o
    0x2000fa24   0x00000190   Zero   RW         1015    .bss                bsp_usart3.o
    0x2000fbb4   0x00000004   PAD
    0x2000fbb8   0x00000400   Zero   RW            1    STACK               startup_stm32f10x_hd.o



  Load Region LR$$.ARM.__AT_0x68000000 (Base: 0x68000000, Size: 0x00000000, Max: 0x00000020, ABSOLUTE)

    Execution Region ER$$.ARM.__AT_0x68000000 (Base: 0x68000000, Size: 0x00000020, Max: 0x00000020, ABSOLUTE, UNINIT)

    Base Addr    Size         Type   Attr      Idx    E Section Name        Object

    0x68000000   0x00000020   Zero   RW          868    .ARM.__AT_0x68000000  malloc.o



  Load Region LR$$.ARM.__AT_0x68000020 (Base: 0x68000020, Size: 0x00000000, Max: 0x00000004, ABSOLUTE)

    Execution Region ER$$.ARM.__AT_0x68000020 (Base: 0x68000020, Size: 0x00000004, Max: 0x00000004, ABSOLUTE, UNINIT)

    Base Addr    Size         Type   Attr      Idx    E Section Name        Object

    0x68000020   0x00000002   Zero   RW          869    .ARM.__AT_0x68000020  malloc.o


==============================================================================

Image component sizes


      Code (inc. data)   RO Data    RW Data    ZI Data      Debug   Object Name

        76          6          0          0          0        733   beep.o
       468         48          0         10         12       1898   bluetooth.o
       764         18          0          1        400       3670   bsp_usart3.o
         0          0          0          0          0       4272   core_cm3.o
       212         18          0          4          0       1067   delay.o
       196          0          0          0          0       3230   diskio.o
       314          0          0          0          0       1345   exti.o
      5982         44          0          6          0      18840   ff.o
        88         10          0          0          0        545   gpio.o
      2560        342        161          0          0       6345   gps.o
       296         38          0          3          0       1477   judge.o
       776        242          0          4        105     248273   main.o
       556         18         24         28      62050       4712   malloc.o
       220         22          0          0          0       1861   misc.o
      1636         90          0          0         72       4089   mpu-6050.o
      2484        188        808          4          0       7822   ov2640.o
       660         24          0          0          0       2031   sccb.o
      1336         18          0          1        512       5746   sd.o
       324        196          0          4        560       4070   sdfs_app.o
      2068        640          0          0          0       6212   sim900a.o
       240         10          0          0          0       1025   spi.o
        36          8        304          0       1024        876   startup_stm32f10x_hd.o
       196          8          0          0          0       3524   stm32f10x_bkp.o
       596          8          0          0          0       4390   stm32f10x_dma.o
       284         10          0          0          0       2291   stm32f10x_exti.o
       860         38          0          0          0       5701   stm32f10x_gpio.o
       128         14          0          0         20       2182   stm32f10x_it.o
       204         14          0          0          0       1943   stm32f10x_pwr.o
       932         36          0         20          0       8896   stm32f10x_rcc.o
       328          4          0          0          0       2698   stm32f10x_rtc.o
       780         14          0          0          0       6586   stm32f10x_spi.o
      3610         88          0          0          0      22188   stm32f10x_tim.o
      1032         22          0          0          0       8432   stm32f10x_usart.o
        76          0          0          0          0        557   sys.o
       480         38          0         20          0     269567   system_stm32f10x.o
       452         22          0          2        300       2273   uart4.o
       452         20          0          2        100       2277   uart5.o
       320         16          0          6        200       3253   usart.o

    ----------------------------------------------------------------------
     32028       2332       1332        124      65364     676897   Object Totals
         0          0         32          0          0          0   (incl. Generated)
         6          0          3          9          9          0   (incl. Padding)

    ----------------------------------------------------------------------

      Code (inc. data)   RO Data    RW Data    ZI Data      Debug   Library Member Name

       172          8          0          0          0        112   cos.o
       252         22         48          0          0        124   cos_i.o
        16          6          0          0          0         68   dunder.o
        40          0          0          0          0         68   fpclassify.o
       170          0          0          0          0         96   poly.o
       904         74        200          0          0        140   rred.o
       176         10          0          0          0        116   sin.o
       236         12         40          0          0        128   sin_i.o
         0          0          0          0          0          0   entry.o
         0          0          0          0          0          0   entry10a.o
         0          0          0          0          0          0   entry11a.o
         8          4          0          0          0          0   entry2.o
         4          0          0          0          0          0   entry5.o
         0          0          0          0          0          0   entry7b.o
         0          0          0          0          0          0   entry8b.o
         8          4          0          0          0          0   entry9a.o
        12          6          0          4          0         68   errno.o
         8          0          0          0          0         68   fgetc.o
         4          0          0          0          0         68   getc.o
        30          0          0          0          0          0   handlers.o
        36          8          0          0          0         68   init.o
         0          0          0          0          0          0   iusefp.o
         0          0          0          0          0          0   iusesemig.o
        30          0          0          0          0         68   llshl.o
        36          0          0          0          0         68   llsshr.o
        32          0          0          0          0         68   llushr.o
        36          0          0          0          0        108   memseta.o
      2312        102          0          0          0        676   printfa.o
        36         10          0          4          0        136   rand.o
         0          0          0          0          0          0   semi.o
         0          0          0          4          0          0   stdin.o
        18          0          0          0          0         68   strcpy.o
        14          0          0          0          0         68   strlen.o
        36          0          0          0          0         80   strstr.o
        44          0          0          0          0         80   uidiv.o
        98          0          0          0          0         92   uldiv.o
        40          2          0          0          0         68   cdrcmple.o
        20          0          0          0          0         68   cfcmple.o
        56          0          0          0          0         88   d2f.o
       334          0          0          0          0        148   dadd.o
       222          0          0          0          0        100   ddiv.o
       182          0          0          0          0        176   depilogue.o
        62          0          0          0          0         80   dfixi.o
        48          0          0          0          0         68   dfixul.o
        34          0          0          0          0         76   dflti.o
        26          0          0          0          0         76   dfltui.o
       228          0          0          0          0         96   dmul.o
        46          0          0          0          0         80   dscalb.o
        38          0          0          0          0         68   f2d.o
       176          0          0          0          0        140   fadd.o
       124          0          0          0          0         88   fdiv.o
       110          0          0          0          0        168   fepilogue.o
        50          0          0          0          0         68   ffixi.o
        40          0          0          0          0         68   ffixui.o
        18          0          0          0          0         68   fflti.o
        10          0          0          0          0         68   ffltui.o
       100          0          0          0          0         76   fmul.o

    ----------------------------------------------------------------------
      6740        268        288         12          0       4572   Library Totals
         8          0          0          0          0          0   (incl. Padding)

    ----------------------------------------------------------------------

      Code (inc. data)   RO Data    RW Data    ZI Data      Debug   Library Name

      1966        132        288          0          0        852   m_ws.l
      2802        134          0         12          0       1784   mc_w.l
      1964          2          0          0          0       1936   mf_w.l

    ----------------------------------------------------------------------
      6740        268        288         12          0       4572   Library Totals

    ----------------------------------------------------------------------

==============================================================================


      Code (inc. data)   RO Data    RW Data    ZI Data      Debug   

     38768       2600       1620        136      65364     675797   Grand Totals
     38768       2600       1620        136      65364     675797   ELF Image Totals
     38768       2600       1620        136          0          0   ROM Totals

==============================================================================

    Total RO  Size (Code + RO Data)                40388 (  39.44kB)
    Total RW  Size (RW Data + ZI Data)             65500 (  63.96kB)
    Total ROM Size (Code + RO Data + RW Data)      40524 (  39.57kB)

==============================================================================

