<html>
<body>
<pre>
<h1>µVision Build Log</h1>
<h2>Project:</h2>
C:\Users\moying\Desktop\helmetV2.0\helmetV2\code\Project\RVMDK£¨uv4£©\iSO-STM32.uvprojx
Project File Date:  06/01/2017

<h2>Output:</h2>
Build target 'Helmet'
linking...
Program Size: Code=38712 RO-data=1772 RW-data=136 ZI-data=65364  
FromELF: creating hex file...
"..\..\Output\Helmet.axf" - 0 Error(s), 0 Warning(s).
Load "..\\..\\Output\\Helmet.axf" 
Set JLink Project File to "C:\Users\moying\Desktop\helmetV2.0\helmetV2\code\Project\RVMDK£¨uv4£©\JLinkSettings.ini"
* JLink Info: Device "STM32F103ZE" selected (512 KB flash, 64 KB RAM).
 
JLink info:
------------
DLL: V4.80g, compiled Feb 13 2014 20:50:02
Firmware: J-Link ARM V7 compiled Jun 20 2012 19:45:53
Hardware: V7.00
S/N : 19087980 
Feature(s) : RDI, FlashDL, FlashBP, JFlash, GDBFull 
 
* JLink Info: TotalIRLen = 9, IRPrint = 0x0011
* JLink Info: TotalIRLen = 9, IRPrint = 0x0011
* JLink Info: Found Cortex-M3 r1p1, Little endian.
* JLink Info: FPUnit: 6 code (BP) slots and 2 literal slots
* JLink Info: TPIU fitted.
* JLink Info: ETM fitted.
ROMTableAddr = 0xE00FF003
 
Target info:
------------
Device: STM32F103ZE
VTarget = 3.112V
State of Pins: 
TCK: 1, TDI: 0, TDO: 1, TMS: 0, TRES: 1, TRST: 1
Hardware-Breakpoints: 6
Software-Breakpoints: 8192
Watchpoints:          4
JTAG speed: 1000 kHz
 
Erase Done.
Programming Done.
***JLink Error: Target VCC failure. Please check target voltage.
Contents mismatch at: 08000000H  (Flash=AAH  Required=B8H) !
Contents mismatch at: 08000001H  (Flash=AAH  Required=FFH) !
Contents mismatch at: 08000002H  (Flash=AAH  Required=00H) !
Contents mismatch at: 08000003H  (Flash=AAH  Required=20H) !
Contents mismatch at: 08000004H  (Flash=AAH  Required=45H) !
Contents mismatch at: 08000005H  (Flash=AAH  Required=01H) !
Contents mismatch at: 08000006H  (Flash=AAH  Required=00H) !
Contents mismatch at: 08000007H  (Flash=AAH  Required=08H) !
Contents mismatch at: 08000008H  (Flash=AAH  Required=29H) !
Contents mismatch at: 08000009H  (Flash=AAH  Required=2AH) !
Contents mismatch at: 0800000AH  (Flash=AAH  Required=00H) !
Contents mismatch at: 0800000BH  (Flash=AAH  Required=08H) !
Contents mismatch at: 0800000CH  (Flash=AAH  Required=2BH) !
Contents mismatch at: 0800000DH  (Flash=AAH  Required=2AH) !
Contents mismatch at: 0800000EH  (Flash=AAH  Required=00H) !
Contents mismatch at: 0800000FH  (Flash=AAH  Required=08H) !
Contents mismatch at: 08000010H  (Flash=AAH  Required=2FH) !
Contents mismatch at: 08000011H  (Flash=AAH  Required=2AH) !
Contents mismatch at: 08000012H  (Flash=AAH  Required=00H) !
Contents mismatch at: 08000013H  (Flash=AAH  Required=08H) !
Contents mismatch at: 08000014H  (Flash=AAH  Required=33H) !
Contents mismatch at: 08000015H  (Flash=AAH  Required=2AH) !
Contents mismatch at: 08000016H  (Flash=AAH  Required=00H) !
Contents mismatch at: 08000017H  (Flash=AAH  Required=08H) !
Contents mismatch at: 08000018H  (Flash=AAH  Required=37H) !
Contents mismatch at: 08000019H  (Flash=AAH  Required=2AH) !
Contents mismatch at: 0800001AH  (Flash=AAH  Required=00H) !
Contents mismatch at: 0800001BH  (Flash=AAH  Required=08H) !
Contents mismatch at: 0800001CH  (Flash=AAH  Required=00H) !
Contents mismatch at: 0800001DH  (Flash=AAH  Required=00H) !
Contents mismatch at: 0800001EH  (Flash=AAH  Required=00H) !
Contents mismatch at: 0800001FH  (Flash=AAH  Required=00H) !
Contents mismatch at: 08000020H  (Flash=AAH  Required=00H) !
Contents mismatch at: 08000021H  (Flash=AAH  Required=00H) !
Contents mismatch at: 08000022H  (Flash=AAH  Required=00H) !
Contents mismatch at: 08000023H  (Flash=AAH  Required=00H) !
Contents mismatch at: 08000024H  (Flash=AAH  Required=00H) !
Contents mismatch at: 08000025H  (Flash=AAH  Required=00H) !
Contents mismatch at: 08000026H  (Flash=AAH  Required=00H) !
Contents mismatch at: 08000027H  (Flash=AAH  Required=00H) !
Contents mismatch at: 08000028H  (Flash=AAH  Required=00H) !
Contents mismatch at: 08000029H  (Flash=AAH  Required=00H) !
Contents mismatch at: 0800002AH  (Flash=AAH  Required=00H) !
Contents mismatch at: 0800002BH  (Flash=AAH  Required=00H) !
Contents mismatch at: 0800002CH  (Flash=AAH  Required=3BH) !
Contents mismatch at: 0800002DH  (Flash=AAH  Required=2AH) !
Contents mismatch at: 0800002EH  (Flash=AAH  Required=00H) !
Contents mismatch at: 0800002FH  (Flash=AAH  Required=08H) !
Contents mismatch at: 08000030H  (Flash=AAH  Required=3DH) !
Contents mismatch at: 08000031H  (Flash=AAH  Required=2AH) !
Contents mismatch at: 08000032H  (Flash=AAH  Required=00H) !
Contents mismatch at: 08000033H  (Flash=AAH  Required=08H) !
Contents mismatch at: 08000034H  (Flash=AAH  Required=00H) !
Contents mismatch at: 08000035H  (Flash=AAH  Required=00H) !
Contents mismatch at: 08000036H  (Flash=AAH  Required=00H) !
Contents mismatch at: 08000037H  (Flash=AAH  Required=00H) !
Contents mismatch at: 08000038H  (Flash=AAH  Required=3FH) !
Contents mismatch at: 08000039H  (Flash=AAH  Required=2AH) !
Contents mismatch at: 0800003AH  (Flash=AAH  Required=00H) !
Contents mismatch at: 0800003BH  (Flash=AAH  Required=08H) !
Contents mismatch at: 0800003CH  (Flash=AAH  Required=5DH) !
Contents mismatch at: 0800003DH  (Flash=AAH  Required=01H) !
Contents mismatch at: 0800003EH  (Flash=AAH  Required=00H) !
Contents mismatch at: 0800003FH  (Flash=AAH  Required=08H) !
Contents mismatch at: 08000040H  (Flash=AAH  Required=5FH) !
Contents mismatch at: 08000041H  (Flash=AAH  Required=01H) !
Contents mismatch at: 08000042H  (Flash=AAH  Required=00H) !
Contents mismatch at: 08000043H  (Flash=AAH  Required=08H) !
Contents mismatch at: 08000044H  (Flash=AAH  Required=5FH) !
Contents mismatch at: 08000045H  (Flash=AAH  Required=01H) !
Contents mismatch at: 08000046H  (Flash=AAH  Required=00H) !
Contents mismatch at: 08000047H  (Flash=AAH  Required=08H) !
Contents mismatch at: 08000048H  (Flash=AAH  Required=5FH) !
Contents mismatch at: 08000049H  (Flash=AAH  Required=01H) !
Contents mismatch at: 0800004AH  (Flash=AAH  Required=00H) !
Contents mismatch at: 0800004BH  (Flash=AAH  Required=08H) !
Contents mismatch at: 0800004CH  (Flash=AAH  Required=5FH) !
Contents mismatch at: 0800004DH  (Flash=AAH  Required=01H) !
Contents mismatch at: 0800004EH  (Flash=AAH  Required=00H) !
Contents mismatch at: 0800004FH  (Flash=AAH  Required=08H) !
Contents mismatch at: 08000050H  (Flash=AAH  Required=5FH) !
Contents mismatch at: 08000051H  (Flash=AAH  Required=01H) !
Contents mismatch at: 08000052H  (Flash=AAH  Required=00H) !
Contents mismatch at: 08000053H  (Flash=AAH  Required=08H) !
Contents mismatch at: 08000054H  (Flash=AAH  Required=5FH) !
Contents mismatch at: 08000055H  (Flash=AAH  Required=01H) !
Contents mismatch at: 08000056H  (Flash=AAH  Required=00H) !
Contents mismatch at: 08000057H  (Flash=AAH  Required=08H) !
Contents mismatch at: 08000058H  (Flash=AAH  Required=5FH) !
Contents mismatch at: 08000059H  (Flash=AAH  Required=01H) !
Contents mismatch at: 0800005AH  (Flash=AAH  Required=00H) !
Contents mismatch at: 0800005BH  (Flash=AAH  Required=08H) !
Contents mismatch at: 0800005CH  (Flash=AAH  Required=5FH) !
Contents mismatch at: 0800005DH  (Flash=AAH  Required=01H) !
Contents mismatch at: 0800005EH  (Flash=AAH  Required=00H) !
Contents mismatch at: 0800005FH  (Flash=AAH  Required=08H) !
Contents mismatch at: 08000060H  (Flash=AAH  Required=5FH) !
Contents mismatch at: 08000061H  (Flash=AAH  Required=01H) !
Contents mismatch at: 08000062H  (Flash=AAH  Required=00H) !
Contents mismatch at: 08000063H  (Flash=AAH  Required=08H) !
Too many errors to display !
Error: Flash Download failed  -  "Cortex-M3"
Load "..\\..\\Output\\Helmet.axf" 
Set JLink Project File to "C:\Users\moying\Desktop\helmetV2.0\helmetV2\code\Project\RVMDK£¨uv4£©\JLinkSettings.ini"
* JLink Info: Device "STM32F103ZE" selected (512 KB flash, 64 KB RAM).
 
JLink info:
------------
DLL: V4.80g, compiled Feb 13 2014 20:50:02
Firmware: J-Link ARM V7 compiled Jun 20 2012 19:45:53
Hardware: V7.00
S/N : 19087980 
Feature(s) : RDI, FlashDL, FlashBP, JFlash, GDBFull 
 
* JLink Info: TotalIRLen = 9, IRPrint = 0x0011
* JLink Info: TotalIRLen = 9, IRPrint = 0x0011
* JLink Info: Found Cortex-M3 r1p1, Little endian.
* JLink Info: FPUnit: 6 code (BP) slots and 2 literal slots
* JLink Info: TPIU fitted.
* JLink Info: ETM fitted.
ROMTableAddr = 0xE00FF003
 
Target info:
------------
Device: STM32F103ZE
VTarget = 4.439V
State of Pins: 
TCK: 1, TDI: 0, TDO: 1, TMS: 0, TRES: 1, TRST: 1
Hardware-Breakpoints: 6
Software-Breakpoints: 8192
Watchpoints:          4
JTAG speed: 1000 kHz
 
Erase Done.
Programming Done.
Verify OK.
Application running ...
</pre>
</body>
</html>
